 vncviewer

 Timestamp is 58be63fb (Tue Mar 07 15:40:43 2017)

 Preferred load address is 00400000

 Start         Length     Name                   Class
 0001:00000000 000bb5b2H .textbss                DATA
 0002:00000000 00186239H .text                   CODE
 0002:00186240 00006b84H .text$x                 CODE
 0002:0018cdd0 00001677H .text$yc                CODE
 0002:0018e450 000010c9H .text$yd                CODE
 0003:00000000 00000104H .CRT$XCA                DATA
 0003:00000104 00000104H .CRT$XCC                DATA
 0003:00000208 000001d4H .CRT$XCU                DATA
 0003:000003dc 00000104H .CRT$XCZ                DATA
 0003:000004e0 00000104H .CRT$XIA                DATA
 0003:000005e4 00000113H .CRT$XIC                DATA
 0003:000006f8 00000104H .CRT$XIY                DATA
 0003:000007fc 00000104H .CRT$XIZ                DATA
 0003:00000900 00000104H .CRT$XPA                DATA
 0003:00000a04 00000109H .CRT$XPX                DATA
 0003:00000b10 00000104H .CRT$XPXA               DATA
 0003:00000c14 00000104H .CRT$XPZ                DATA
 0003:00000d18 00000104H .CRT$XTA                DATA
 0003:00000e1c 00000104H .CRT$XTZ                DATA
 0003:00000f20 00029a8aH .rdata                  DATA
 0003:0002a9ac 0000015cH .rdata$debug            DATA
 0003:0002ab08 0000120cH .rdata$r                DATA
 0003:0002bd14 00000104H .rtc$IAA                DATA
 0003:0002be18 00000190H .rtc$IMZ                DATA
 0003:0002bfa8 00000104H .rtc$IZZ                DATA
 0003:0002c0ac 00000104H .rtc$TAA                DATA
 0003:0002c1b0 00000190H .rtc$TMZ                DATA
 0003:0002c340 00000104H .rtc$TZZ                DATA
 0003:0002c448 00006d86H .xdata$x                DATA
 0003:000331ce 00000000H .edata                  DATA
 0004:00000000 00007640H .data                   DATA
 0004:00007640 00065884H .bss                    DATA
 0005:00000000 000000c8H .idata$2                DATA
 0005:000000c8 00000014H .idata$3                DATA
 0005:000000dc 00000904H .idata$4                DATA
 0005:000009e0 00000904H .idata$5                DATA
 0005:000012e4 00001e14H .idata$6                DATA
 0006:00000000 00001823H .rsrc$01                DATA
 0006:00001830 0008cd40H .rsrc$02                DATA

  Address         Publics by Value              Rva+Base       Lib:Object

 0000:00000000       ___safe_se_handler_count   00000000     <absolute>
 0000:00000000       __except_list              00000000     <absolute>
 0000:00000000       ___safe_se_handler_table   00000000     <absolute>
 0000:00000000       ___ImageBase               00400000     <linker-defined>
 0001:00000000       __enc$textbss$begin        00401000     <linker-defined>
 0001:000bb5b2       __enc$textbss$end          004bc5b2     <linker-defined>
 0002:00008910       ?DoGetBkGndBitmap@@YAPAUHBITMAP__@@I@Z 004c5910 f   AboutBox.obj
 0002:00008970       ?DoSDKEraseBkGnd@@YAHQAUHDC__@@K@Z 004c5970 f   AboutBox.obj
 0002:00008ad0       ?ShowAboutBox@@YAXXZ       004c5ad0 f   AboutBox.obj
 0002:00008c20       ??0AccelKeys@@QAE@XZ       004c5c20 f   AccelKeys.obj
 0002:00008f50       ?TranslateAccelKeys@AccelKeys@@QAE_NPAUtagMSG@@@Z 004c5f50 f   AccelKeys.obj
 0002:00008f90       ??1AccelKeys@@UAE@XZ       004c5f90 f   AccelKeys.obj
 0002:000090a0       ??_GAccelKeys@@UAEPAXI@Z   004c60a0 f i AccelKeys.obj
 0002:000090a0       ??_EAccelKeys@@UAEPAXI@Z   004c60a0 f i AccelKeys.obj
 0002:000090e0       ??0AuthDialog@@QAE@XZ      004c60e0 f   AuthDialog.obj
 0002:00009110       ??1AuthDialog@@UAE@XZ      004c6110 f   AuthDialog.obj
 0002:00009130       ?DoDialog@AuthDialog@@QAEH_NQADH00@Z 004c6130 f   AuthDialog.obj
 0002:00009260       ?DlgProc@AuthDialog@@SGHPAUHWND__@@IIJ@Z 004c6260 f   AuthDialog.obj
 0002:00009440       ?DlgProc1@AuthDialog@@SGHPAUHWND__@@IIJ@Z 004c6440 f   AuthDialog.obj
 0002:00009710       ??_EAuthDialog@@UAEPAXI@Z  004c6710 f i AuthDialog.obj
 0002:00009710       ??_GAuthDialog@@UAEPAXI@Z  004c6710 f i AuthDialog.obj
 0002:00009750       ??$strcpy_s@$0PK@@@YAHAAY0PK@DPBD@Z 004c6750 f i AuthDialog.obj
 0002:00009770       ??$strcat_s@$0PK@@@YAHAAY0PK@DPBD@Z 004c6770 f i AuthDialog.obj
 0002:00009790       ??$SafeGetWindowUserData@VAuthDialog@@@helper@@YAPAVAuthDialog@@PAUHWND__@@@Z 004c6790 f i AuthDialog.obj
 0002:000097b0       ??0ClientConnection@@QAE@PAVVNCviewerApp@@@Z 004c67b0 f   ClientConnection.obj
 0002:00009990       ??0ClientConnection@@QAE@PAVVNCviewerApp@@I@Z 004c6990 f   ClientConnection.obj
 0002:00009c20       ??0ClientConnection@@QAE@PAVVNCviewerApp@@PADH@Z 004c6c20 f   ClientConnection.obj
 0002:00009e80       ?Init@ClientConnection@@AAEXPAVVNCviewerApp@@@Z 004c6e80 f   ClientConnection.obj
 0002:0000a880       ?SetSendTimeout@ClientConnection@@QAE_NH@Z 004c7880 f   ClientConnection.obj
 0002:0000a8e0       ?SetRecvTimeout@ClientConnection@@QAE_NH@Z 004c78e0 f   ClientConnection.obj
 0002:0000a940       ?Run@ClientConnection@@QAEXXZ 004c7940 f   ClientConnection.obj
 0002:0000aac0       ?DoConnection@ClientConnection@@QAEXXZ 004c7ac0 f   ClientConnection.obj
 0002:0000acb0       ?ReconnectThreadProc@@YGKPAX@Z 004c7cb0 f   ClientConnection.obj
 0002:0000ade0       ?Reconnect@ClientConnection@@AAEXXZ 004c7de0 f   ClientConnection.obj
 0002:0000af00       ?GTGBS_ShowConnectWindow@ClientConnection@@AAEPAUHWND__@@XZ 004c7f00 f   ClientConnection.obj
 0002:0000af80       ?CreateButtons@ClientConnection@@QAEXHH@Z 004c7f80 f   ClientConnection.obj
 0002:0000bf80       ?RebuildToolbar@ClientConnection@@QAEXPAUHWND__@@@Z 004c8f80 f   ClientConnection.obj
 0002:0000c060       ?GTGBS_CreateToolbar@ClientConnection@@AAEXXZ 004c9060 f   ClientConnection.obj
 0002:0000c720       ?CreateDisplay@ClientConnection@@AAEXXZ 004c9720 f   ClientConnection.obj
 0002:0000d0f0       ?WatchClipboard@ClientConnection@@AAEXXZ 004ca0f0 f   ClientConnection.obj
 0002:0000d160       ?UpdateMenuItems@ClientConnection@@AAEXXZ 004ca160 f   ClientConnection.obj
 0002:0000d3e0       ?LoadDSMPlugin@ClientConnection@@AAEX_N@Z 004ca3e0 f   ClientConnection.obj
 0002:0000d570       ?SetDSMPluginStuff@ClientConnection@@AAEXXZ 004ca570 f   ClientConnection.obj
 0002:0000d8d0       ?HandleQuickOption@ClientConnection@@QAEXXZ 004ca8d0 f   ClientConnection.obj
 0002:0000db10       ?GetConnectDetails@ClientConnection@@AAEXXZ 004cab10 f   ClientConnection.obj
 0002:0000de60       ?SocketTimeout@@YGKPAX@Z   004cae60 f   ClientConnection.obj
 0002:0000dec0       ?Connect@ClientConnection@@AAEXXZ 004caec0 f   ClientConnection.obj
 0002:0000e330       ?ConnectProxy@ClientConnection@@AAEXXZ 004cb330 f   ClientConnection.obj
 0002:0000e710       ?SetSocketOptions@ClientConnection@@AAEXXZ 004cb710 f   ClientConnection.obj
 0002:0000e850       ?NegotiateProtocolVersion@ClientConnection@@AAEXXZ 004cb850 f   ClientConnection.obj
 0002:0000f0e0       ?NegotiateProxy@ClientConnection@@AAEXXZ 004cc0e0 f   ClientConnection.obj
 0002:0000f3f0       ?Authenticate@ClientConnection@@AAEXAAV?$vector@KV?$allocator@K@std@@@std@@@Z 004cc3f0 f   ClientConnection.obj
 0002:0000fa50       ?AuthenticateServer@ClientConnection@@AAEXKAAV?$vector@KV?$allocator@K@std@@@std@@@Z 004cca50 f   ClientConnection.obj
 0002:000106d0       ?AuthSecureVNCPlugin@ClientConnection@@AAEXXZ 004cd6d0 f   ClientConnection.obj
 0002:00010df0       ?AuthSecureVNCPlugin_old@ClientConnection@@AAEXXZ 004cddf0 f   ClientConnection.obj
 0002:000114c0       ?AuthMsLogonII@ClientConnection@@AAEXXZ 004ce4c0 f   ClientConnection.obj
 0002:00011900       ?AuthMsLogonI@ClientConnection@@AAEXXZ 004ce900 f   ClientConnection.obj
 0002:00011ed0       ?AuthVnc@ClientConnection@@AAEXXZ 004ceed0 f   ClientConnection.obj
 0002:000121f0       ?AuthSCPrompt@ClientConnection@@AAEXXZ 004cf1f0 f   ClientConnection.obj
 0002:00012380       ?AuthSessionSelect@ClientConnection@@AAEXXZ 004cf380 f   ClientConnection.obj
 0002:00012420       ?SendClientInit@ClientConnection@@AAEXXZ 004cf420 f   ClientConnection.obj
 0002:00012460       ?ReadServerInit@ClientConnection@@AAEXXZ 004cf460 f   ClientConnection.obj
 0002:00012910       ?SizeWindow@ClientConnection@@AAEXXZ 004cf910 f   ClientConnection.obj
 0002:00013860       ?CreateLocalFramebuffer@ClientConnection@@AAEXXZ 004d0860 f   ClientConnection.obj
 0002:00013890       ?SetupPixelFormat@ClientConnection@@AAEXXZ 004d0890 f   ClientConnection.obj
 0002:00013b70       ?SetFormatAndEncodings@ClientConnection@@AAEXXZ 004d0b70 f   ClientConnection.obj
 0002:00014620       ?Createdib@ClientConnection@@AAEXXZ 004d1620 f   ClientConnection.obj
 0002:00014e50       ?KillThread@ClientConnection@@QAEXXZ 004d1e50 f   ClientConnection.obj
 0002:00014ee0       ?SuspendThread@ClientConnection@@QAEXXZ 004d1ee0 f   ClientConnection.obj
 0002:000150f0       ?CloseWindows@ClientConnection@@QAEXXZ 004d20f0 f   ClientConnection.obj
 0002:00015160       ??1ClientConnection@@UAE@XZ 004d2160 f   ClientConnection.obj
 0002:00015930       ?ScrollScreen@ClientConnection@@AAE_NHH@Z 004d2930 f   ClientConnection.obj
 0002:00015b20       ?FlushThrottledMouseMove@ClientConnection@@AAE_NXZ 004d2b20 f   ClientConnection.obj
 0002:00015bc0       ?SendClientCutText@ClientConnection@@AAEXPADH@Z 004d2bc0 f   ClientConnection.obj
 0002:00015dd0       ?ShowConnInfo@ClientConnection@@AAEXXZ 004d2dd0 f   ClientConnection.obj
 0002:00016010       ?run_undetached@ClientConnection@@EAEPAXPAX@Z 004d3010 f   ClientConnection.obj
 0002:000169e0       ?Internal_SendFramebufferUpdateRequest@ClientConnection@@AAEXHHHH_N@Z 004d39e0 f   ClientConnection.obj
 0002:00016b00       ?HandleFramebufferUpdateRequest@ClientConnection@@AAEXIJ@Z 004d3b00 f   ClientConnection.obj
 0002:00016b40       ?SendIncrementalFramebufferUpdateRequest@ClientConnection@@AAEX_N@Z 004d3b40 f   ClientConnection.obj
 0002:00016b60       ?SendFullFramebufferUpdateRequest@ClientConnection@@AAEX_N@Z 004d3b60 f   ClientConnection.obj
 0002:00016b80       ?SendAppropriateFramebufferUpdateRequest@ClientConnection@@AAEX_N@Z 004d3b80 f   ClientConnection.obj
 0002:00016ba0       ?SendFramebufferUpdateRequest@ClientConnection@@AAEXI_N@Z 004d3ba0 f   ClientConnection.obj
 0002:00016bf0       ?Internal_SendIncrementalFramebufferUpdateRequest@ClientConnection@@AAEXXZ 004d3bf0 f   ClientConnection.obj
 0002:00016c20       ?Internal_SendFullFramebufferUpdateRequest@ClientConnection@@AAEXXZ 004d3c20 f   ClientConnection.obj
 0002:00016c50       ?Internal_SendAppropriateFramebufferUpdateRequest@ClientConnection@@AAEXXZ 004d3c50 f   ClientConnection.obj
 0002:00016f40       ?SendServerScale@ClientConnection@@AAE_NH@Z 004d3f40 f   ClientConnection.obj
 0002:00016f80       ?SendServerInput@ClientConnection@@AAE_NH@Z 004d3f80 f   ClientConnection.obj
 0002:00016fc0       ?SendSW@ClientConnection@@AAE_NHH@Z 004d3fc0 f   ClientConnection.obj
 0002:000170b0       ?SetDormant@ClientConnection@@AAEXH@Z 004d40b0 f   ClientConnection.obj
 0002:00017120       ?ReadServerCutText@ClientConnection@@AAEXXZ 004d4120 f   ClientConnection.obj
 0002:00017470       ?ReadBell@ClientConnection@@AAEXXZ 004d4470 f   ClientConnection.obj
 0002:00017520       ?ReadServerState@ClientConnection@@AAEXXZ 004d4520 f   ClientConnection.obj
 0002:00017820       ?ReadExact@ClientConnection@@QAEXPADH@Z 004d4820 f   ClientConnection.obj
 0002:00017b00       ?ReadExactProtocolVersion@ClientConnection@@AAEXPADHAA_N@Z 004d4b00 f   ClientConnection.obj
 0002:00018040       ?ReadExactProxy@ClientConnection@@AAEXPADH@Z 004d5040 f   ClientConnection.obj
 0002:00018140       ?ReadString@ClientConnection@@AAEXPADH@Z 004d5140 f   ClientConnection.obj
 0002:00018190       ?Send@ClientConnection@@AAEHPBDIH@Z 004d5190 f   ClientConnection.obj
 0002:00018310       ?WriteTransformed@ClientConnection@@AAEXPADHE_N@Z 004d5310 f   ClientConnection.obj
 0002:00018390       ?WriteExact@ClientConnection@@AAEXPADHE@Z 004d5390 f   ClientConnection.obj
 0002:000183c0       ?WriteTransformed_timeout@ClientConnection@@AAEXPADHEH_N@Z 004d53c0 f   ClientConnection.obj
 0002:00018450       ?WriteExact_timeout@ClientConnection@@AAEXPADHEH@Z 004d5450 f   ClientConnection.obj
 0002:00018480       ?Write@ClientConnection@@AAEXPADH_N1H@Z 004d5480 f   ClientConnection.obj
 0002:000186b0       ?FlushOutstandingWriteQueue@ClientConnection@@AAEXAAPADAAH_NH@Z 004d56b0 f   ClientConnection.obj
 0002:000188d0       ?FlushWriteQueue@ClientConnection@@AAEX_NH@Z 004d58d0 f   ClientConnection.obj
 0002:00018900       ?WriteTransformed@ClientConnection@@AAEXPADH_N@Z 004d5900 f   ClientConnection.obj
 0002:00018a10       ?WriteExact@ClientConnection@@QAEXPADH@Z 004d5a10 f   ClientConnection.obj
 0002:00018a30       ?WriteQueue@ClientConnection@@AAEXPADH@Z 004d5a30 f   ClientConnection.obj
 0002:00018a60       ?WriteExactQueue@ClientConnection@@AAEXPADH@Z 004d5a60 f   ClientConnection.obj
 0002:00018a80       ?WriteExactQueue@ClientConnection@@AAEXPADHE@Z 004d5a80 f   ClientConnection.obj
 0002:00018ab0       ?WriteExactQueue_timeout@ClientConnection@@AAEXPADHH@Z 004d5ab0 f   ClientConnection.obj
 0002:00018ae0       ?WriteExactQueue_timeout@ClientConnection@@AAEXPADHEH@Z 004d5ae0 f   ClientConnection.obj
 0002:00018b10       ?WriteTransformed_timeout@ClientConnection@@AAEXPADHH_N@Z 004d5b10 f   ClientConnection.obj
 0002:00018c20       ?WriteExact_timeout@ClientConnection@@AAEXPADHH@Z 004d5c20 f   ClientConnection.obj
 0002:00018c50       ?Write_timeout@ClientConnection@@AAEXPADHH_N@Z 004d5c50 f   ClientConnection.obj
 0002:00018c80       ?WriteExactProxy@ClientConnection@@AAEXPADH@Z 004d5c80 f   ClientConnection.obj
 0002:00018cb0       ?CheckBufferSize@ClientConnection@@AAEXH@Z 004d5cb0 f   ClientConnection.obj
 0002:00018df0       ?CheckZipBufferSize@ClientConnection@@AAEXH@Z 004d5df0 f   ClientConnection.obj
 0002:00018f30       ?CheckFileZipBufferSize@ClientConnection@@AAEXH@Z 004d5f30 f   ClientConnection.obj
 0002:00019070       ?CheckFileChunkBufferSize@ClientConnection@@AAEXH@Z 004d6070 f   ClientConnection.obj
 0002:000191b0       ?ReadNewFBSize@ClientConnection@@AAEXPAUrfbFramebufferUpdateRectHeader@@@Z 004d61b0 f   ClientConnection.obj
 0002:00019260       ?TransformBuffer@ClientConnection@@AAEPAEPAEHPAH@Z 004d6260 f   ClientConnection.obj
 0002:000192c0       ?RestoreBufferStep1@ClientConnection@@AAEPAEPAEHPAH@Z 004d62c0 f   ClientConnection.obj
 0002:00019320       ?RestoreBufferStep2@ClientConnection@@AAEPAEPAEHPAH@Z 004d6320 f   ClientConnection.obj
 0002:00019380       ?GetFriendlySizeString@ClientConnection@@AAEX_JPAD@Z 004d6380 f   ClientConnection.obj
 0002:00019540       ?UpdateStatusFields@ClientConnection@@AAEXXZ 004d6540 f   ClientConnection.obj
 0002:00019b10       ?GTGBS_ScrollToolbar@ClientConnection@@QAEXHH@Z 004d6b10 f   ClientConnection.obj
 0002:00019b20       ?GTGBS_CreateDisplay@ClientConnection@@QAEXXZ 004d6b20 f   ClientConnection.obj
 0002:00019c80       ?GTGBS_ShowStatusWindow@ClientConnection@@CGJPAX@Z 004d6c80 f   ClientConnection.obj
 0002:00019cd0       ?GTGBS_StatusProc@ClientConnection@@CGJPAUHWND__@@IIJ@Z 004d6cd0 f   ClientConnection.obj
 0002:0001a1d0       ?GTGBS_SendCustomKey_proc@ClientConnection@@CGJPAUHWND__@@IIJ@Z 004d71d0 f   ClientConnection.obj
 0002:0001a3d0       ?WndProc@ClientConnection@@CGJPAUHWND__@@IIJ@Z 004d73d0 f   ClientConnection.obj
 0002:0001d1a0       ?WndProcTBwin@ClientConnection@@CGJPAUHWND__@@IIJ@Z 004da1a0 f   ClientConnection.obj
 0002:0001d920       ?WndProchwnd@ClientConnection@@CGJPAUHWND__@@IIJ@Z 004da920 f   ClientConnection.obj
 0002:0001e710       ?ConvertAll@ClientConnection@@AAEXHHHHHPAE0H@Z 004db710 f   ClientConnection.obj
 0002:0001e7d0       ?Copybuffer@ClientConnection@@AAEXHHHHHPAE0H@Z 004db7d0 f   ClientConnection.obj
 0002:0001e8a0       ?Copyto0buffer@ClientConnection@@AAEXHHHHHPAE0H@Z 004db8a0 f   ClientConnection.obj
 0002:0001e960       ?Copyfrom0buffer@ClientConnection@@AAEXHHHHHPAE0H@Z 004db960 f   ClientConnection.obj
 0002:0001ea20       ?Switchbuffer@ClientConnection@@AAEXHHHHHPAE0H@Z 004dba20 f   ClientConnection.obj
 0002:0001eb40       ?ConvertPixel@ClientConnection@@AAEXHHHPAE0H@Z 004dbb40 f   ClientConnection.obj
 0002:0001ebc0       ?ConvertPixel_to_bpp_from_32@ClientConnection@@AAEXHHHPAE0H@Z 004dbbc0 f   ClientConnection.obj
 0002:0001edf0       ?SolidColor@ClientConnection@@AAEXHHHHHPAE0H@Z 004dbdf0 f   ClientConnection.obj
 0002:0001eec0       ?Check_Rectangle_borders@ClientConnection@@AAE_NHHHH@Z 004dbec0 f   ClientConnection.obj
 0002:0001ef40       ?SendKeepAlive@ClientConnection@@QAEX_N0@Z 004dbf40 f   ClientConnection.obj
 0002:0001efa0       ?Internal_SendKeepAlive@ClientConnection@@QAEX_N@Z 004dbfa0 f   ClientConnection.obj
 0002:0001f140       ??0PendingMouseMove@ClientConnection@@QAE@XZ 004dc140 f   ClientConnection.obj
 0002:0001f190       ?NotifyPluginStreamingSupport@ClientConnection@@AAEXXZ 004dc190 f   ClientConnection.obj
 0002:0001f1d0       ?DialogProc@@YGHPAUHWND__@@IIJ@Z 004dc1d0 f   ClientConnection.obj
 0002:00024f00       ?run@omni_thread@@EAEXPAX@Z 004e1f00 f i ClientConnection.obj
 0002:00024f10       ??_EClientConnection@@UAEPAXI@Z 004e1f10 f i ClientConnection.obj
 0002:00024f10       ??_GClientConnection@@UAEPAXI@Z 004e1f10 f i ClientConnection.obj
 0002:00024f50       ??1Clipboard@@QAE@XZ       004e1f50 f i ClientConnection.obj
 0002:00024fe0       ?IsEnabled@CDSMPlugin@@QAE_NXZ 004e1fe0 f i ClientConnection.obj
 0002:00025000       ?GetSafeHwnd@CTitleBar@@QAEPAUHWND__@@XZ 004e2000 f i ClientConnection.obj
 0002:00025020       ?Print@Log@@QAAXHPADZZ     004e2020 f i ClientConnection.obj
 0002:00025060       ?SetWindowHandle@AccelKeys@@QAEXPAUHWND__@@@Z 004e2060 f i ClientConnection.obj
 0002:00025080       ?IsLoaded@CDSMPlugin@@QAE_NXZ 004e2080 f i ClientConnection.obj
 0002:000250a0       ??0WarningException@@QAE@ABV0@@Z 004e20a0 f i ClientConnection.obj
 0002:000250e0       ??0Exception@@QAE@ABV0@@Z  004e20e0 f i ClientConnection.obj
 0002:00025120       ??_GWarningException@@UAEPAXI@Z 004e2120 f i ClientConnection.obj
 0002:00025120       ??_EWarningException@@UAEPAXI@Z 004e2120 f i ClientConnection.obj
 0002:00025160       ??_GException@@UAEPAXI@Z   004e2160 f i ClientConnection.obj
 0002:00025160       ??_EException@@UAEPAXI@Z   004e2160 f i ClientConnection.obj
 0002:000251a0       ??0QuietException@@QAE@ABV0@@Z 004e21a0 f i ClientConnection.obj
 0002:000251d0       ??_GQuietException@@UAEPAXI@Z 004e21d0 f i ClientConnection.obj
 0002:000251d0       ??_EQuietException@@UAEPAXI@Z 004e21d0 f i ClientConnection.obj
 0002:00025210       ?SetDSMMode@FdInStream@rdr@@QAEX_N@Z 004e2210 f i ClientConnection.obj
 0002:00025230       ??1?$_Vector_iterator@V?$_Vector_val@KV?$allocator@K@std@@@std@@@std@@QAE@XZ 004e2230 f i ClientConnection.obj
 0002:00025250       ??1?$_Vector_iterator@V?$_Vector_val@EV?$allocator@E@std@@@std@@@std@@QAE@XZ 004e2250 f i ClientConnection.obj
 0002:00025270       ??1?$_Vector_const_iterator@V?$_Vector_val@KV?$allocator@K@std@@@std@@@std@@QAE@XZ 004e2270 f i ClientConnection.obj
 0002:00025290       ??1?$_Vector_const_iterator@V?$_Vector_val@EV?$allocator@E@std@@@std@@@std@@QAE@XZ 004e2290 f i ClientConnection.obj
 0002:000252b0       ??1?$_Iterator012@Urandom_access_iterator_tag@std@@KHPBKABKU_Iterator_base12@2@@std@@QAE@XZ 004e22b0 f i ClientConnection.obj
 0002:000252d0       ??1_Iterator_base12@std@@QAE@XZ 004e22d0 f i ClientConnection.obj
 0002:00025350       ?_Orphan_me@_Iterator_base12@std@@QAEXXZ 004e2350 f i ClientConnection.obj
 0002:000253e0       ??1?$_Iterator012@Urandom_access_iterator_tag@std@@EHPBEABEU_Iterator_base12@2@@std@@QAE@XZ 004e23e0 f i ClientConnection.obj
 0002:00025400       ??0ErrorException@@QAE@ABV0@@Z 004e2400 f i ClientConnection.obj
 0002:00025430       ??_GErrorException@@UAEPAXI@Z 004e2430 f i ClientConnection.obj
 0002:00025430       ??_EErrorException@@UAEPAXI@Z 004e2430 f i ClientConnection.obj
 0002:00025470       ?GetPluginName@CDSMPlugin@@QAEPADXZ 004e2470 f i ClientConnection.obj
 0002:00025490       ?GetPluginVersion@CDSMPlugin@@QAEPADXZ 004e2490 f i ClientConnection.obj
 0002:000254b0       ?GetPluginAuthor@CDSMPlugin@@QAEPADXZ 004e24b0 f i ClientConnection.obj
 0002:000254d0       ??0omni_mutex_lock@@QAE@AAVomni_mutex@@@Z 004e24d0 f i ClientConnection.obj
 0002:00025500       ??1omni_mutex_lock@@QAE@XZ 004e2500 f i ClientConnection.obj
 0002:00025520       ??0TempDC@@QAE@PAUHWND__@@@Z 004e2520 f i ClientConnection.obj
 0002:00025560       ??1TempDC@@QAE@XZ          004e2560 f i ClientConnection.obj
 0002:00025590       ??BTempDC@@QAEPAUHDC__@@XZ 004e2590 f i ClientConnection.obj
 0002:000255b0       ??1?$_Vector_iterator@V?$_Vector_val@HV?$allocator@H@std@@@std@@@std@@QAE@XZ 004e25b0 f i ClientConnection.obj
 0002:000255d0       ??1?$_Vector_const_iterator@V?$_Vector_val@HV?$allocator@H@std@@@std@@@std@@QAE@XZ 004e25d0 f i ClientConnection.obj
 0002:000255f0       ??1?$_Iterator012@Urandom_access_iterator_tag@std@@HHPBHABHU_Iterator_base12@2@@std@@QAE@XZ 004e25f0 f i ClientConnection.obj
 0002:00025610       ??0ObjectSelector@@QAE@PAUHDC__@@PAX@Z 004e2610 f i ClientConnection.obj
 0002:00025650       ??1ObjectSelector@@QAE@XZ  004e2650 f i ClientConnection.obj
 0002:00025680       ??_GKeyMap@@QAEPAXI@Z      004e2680 f i ClientConnection.obj
 0002:000256c0       ??1KeyMap@@QAE@XZ          004e26c0 f i ClientConnection.obj
 0002:000259b0       ??1?$map@_WKU?$less@_W@std@@V?$allocator@U?$pair@$$CB_WK@std@@@2@@std@@QAE@XZ 004e29b0 f i ClientConnection.obj
 0002:000259d0       ??1?$map@K_WU?$less@K@std@@V?$allocator@U?$pair@$$CBK_W@std@@@2@@std@@QAE@XZ 004e29d0 f i ClientConnection.obj
 0002:000259f0       ?SubProcessPointerEvent@ClientConnection@@AAEXHHK@Z 004e29f0 f i ClientConnection.obj
 0002:00025cd0       ?SendPointerEvent@ClientConnection@@AAEXHHH@Z 004e2cd0 f i ClientConnection.obj
 0002:00025e30       ?UsingOldProtocol@FileTransfer@@QAE_NXZ 004e2e30 f i ClientConnection.obj
 0002:00025e60       ?UpdateScrollbars@ClientConnection@@AAEXXZ 004e2e60 f i ClientConnection.obj
 0002:00025f90       ?readU8@InStream@rdr@@QAEEXZ 004e2f90 f i ClientConnection.obj
 0002:00025fe0       ?check@InStream@rdr@@QAEHHH@Z 004e2fe0 f i ClientConnection.obj
 0002:00026060       ?ReadScreenUpdate@ClientConnection@@AAEXXZ 004e3060 f i ClientConnection.obj
 0002:00028260       ?GetReadFromMemoryBuffer@FdInStream@rdr@@QAE_NXZ 004e5260 f i ClientConnection.obj
 0002:00028280       ??0omni_mutex_conditional_lock@@QAE@AAVomni_mutex@@_N@Z 004e5280 f i ClientConnection.obj
 0002:000282d0       ??1omni_mutex_conditional_lock@@QAE@XZ 004e52d0 f i ClientConnection.obj
 0002:00028300       ??0EndOfStream@rdr@@QAE@ABU01@@Z 004e5300 f i ClientConnection.obj
 0002:00028330       ?str@Exception@rdr@@UBEPBDXZ 004e5330 f i ClientConnection.obj
 0002:00028350       ??0Exception@rdr@@QAE@ABU01@@Z 004e5350 f i ClientConnection.obj
 0002:00028390       ?CheckNetRectBufferSize@ClientConnection@@AAEXH@Z 004e5390 f i ClientConnection.obj
 0002:000284a0       ?CheckZRLENetRectBufferSize@ClientConnection@@AAEXH@Z 004e54a0 f i ClientConnection.obj
 0002:000285b0       ?GetBytesRead@FdInStream@rdr@@QAE_JXZ 004e55b0 f i ClientConnection.obj
 0002:000285d0       ?ProcessMouseWheel@ClientConnection@@AAEXH@Z 004e55d0 f i ClientConnection.obj
 0002:00028690       ?ProcessKeyEvent@ClientConnection@@AAEXHK@Z 004e5690 f i ClientConnection.obj
 0002:00028a40       ?SendKeyEvent@ClientConnection@@QAEXK_N@Z 004e5a40 f i ClientConnection.obj
 0002:00028b40       ??0PaletteSelector@@QAE@PAUHDC__@@PAUHPALETTE__@@@Z 004e5b40 f i ClientConnection.obj
 0002:00028bb0       ??1PaletteSelector@@QAE@XZ 004e5bb0 f i ClientConnection.obj
 0002:00028c00       ?ProcessPointerEvent@ClientConnection@@AAE_NHHKI@Z 004e5c00 f i ClientConnection.obj
 0002:00029080       ?ShouldThrottle@PendingMouseMove@ClientConnection@@QAE_N_N@Z 004e6080 f i ClientConnection.obj
 0002:000290d0       ?DoBlit@ClientConnection@@AAEXXZ 004e60d0 f i ClientConnection.obj
 0002:00029690       ??0?$basic_string@DU?$char_traits@D@std@@V?$allocator@D@2@@std@@QAE@PBD@Z 004e6690 f i ClientConnection.obj
 0002:00029730       ??1?$basic_string@DU?$char_traits@D@std@@V?$allocator@D@2@@std@@QAE@XZ 004e6730 f i ClientConnection.obj
 0002:000297a0       ??4?$basic_string@DU?$char_traits@D@std@@V?$allocator@D@2@@std@@QAEAAV01@ABV01@@Z 004e67a0 f i ClientConnection.obj
 0002:000297c0       ??4?$basic_string@DU?$char_traits@D@std@@V?$allocator@D@2@@std@@QAEAAV01@PBD@Z 004e67c0 f i ClientConnection.obj
 0002:000297e0       ?empty@?$basic_string@DU?$char_traits@D@std@@V?$allocator@D@2@@std@@QBE_NXZ 004e67e0 f i ClientConnection.obj
 0002:00029800       ?compare@?$basic_string@DU?$char_traits@D@std@@V?$allocator@D@2@@std@@QBEHABV12@@Z 004e6800 f i ClientConnection.obj
 0002:00029840       ?size@?$basic_string@DU?$char_traits@D@std@@V?$allocator@D@2@@std@@QBEIXZ 004e6840 f i ClientConnection.obj
 0002:00029860       ??0?$vector@HV?$allocator@H@std@@@std@@QAE@ABV01@@Z 004e6860 f i ClientConnection.obj
 0002:000299b0       ?push_back@?$vector@HV?$allocator@H@std@@@std@@QAEX$$QAH@Z 004e69b0 f i ClientConnection.obj
 0002:00029b10       ??1?$vector@HV?$allocator@H@std@@@std@@QAE@XZ 004e6b10 f i ClientConnection.obj
 0002:00029b80       ?begin@?$vector@HV?$allocator@H@std@@@std@@QAE?AV?$_Vector_iterator@V?$_Vector_val@HV?$allocator@H@std@@@std@@@2@XZ 004e6b80 f i ClientConnection.obj
 0002:00029bd0       ?end@?$vector@HV?$allocator@H@std@@@std@@QAE?AV?$_Vector_iterator@V?$_Vector_val@HV?$allocator@H@std@@@std@@@2@XZ 004e6bd0 f i ClientConnection.obj
 0002:00029c20       ?push_back@?$vector@HV?$allocator@H@std@@@std@@QAEXABH@Z 004e6c20 f i ClientConnection.obj
 0002:00029d60       ?clear@?$vector@HV?$allocator@H@std@@@std@@QAEXXZ 004e6d60 f i ClientConnection.obj
 0002:00029e70       ??1?$_Tree@V?$_Tmap_traits@_WKU?$less@_W@std@@V?$allocator@U?$pair@$$CB_WK@std@@@2@$0A@@std@@@std@@QAE@XZ 004e6e70 f i ClientConnection.obj
 0002:00029ee0       ??1?$_Tree@V?$_Tmap_traits@K_WU?$less@K@std@@V?$allocator@U?$pair@$$CBK_W@std@@@2@$0A@@std@@@std@@QAE@XZ 004e6ee0 f i ClientConnection.obj
 0002:00029f50       ??0?$vector@KV?$allocator@K@std@@@std@@QAE@XZ 004e6f50 f i ClientConnection.obj
 0002:00029f80       ??1?$vector@KV?$allocator@K@std@@@std@@QAE@XZ 004e6f80 f i ClientConnection.obj
 0002:00029ff0       ?begin@?$vector@KV?$allocator@K@std@@@std@@QAE?AV?$_Vector_iterator@V?$_Vector_val@KV?$allocator@K@std@@@std@@@2@XZ 004e6ff0 f i ClientConnection.obj
 0002:0002a040       ?end@?$vector@KV?$allocator@K@std@@@std@@QAE?AV?$_Vector_iterator@V?$_Vector_val@KV?$allocator@K@std@@@std@@@2@XZ 004e7040 f i ClientConnection.obj
 0002:0002a090       ?size@?$vector@KV?$allocator@K@std@@@std@@QBEIXZ 004e7090 f i ClientConnection.obj
 0002:0002a0b0       ?push_back@?$vector@KV?$allocator@K@std@@@std@@QAEXABK@Z 004e70b0 f i ClientConnection.obj
 0002:0002a1f0       ??0?$vector@EV?$allocator@E@std@@@std@@QAE@XZ 004e71f0 f i ClientConnection.obj
 0002:0002a220       ?push_back@?$vector@EV?$allocator@E@std@@@std@@QAEX$$QAE@Z 004e7220 f i ClientConnection.obj
 0002:0002a370       ??1?$vector@EV?$allocator@E@std@@@std@@QAE@XZ 004e7370 f i ClientConnection.obj
 0002:0002a3e0       ?begin@?$vector@EV?$allocator@E@std@@@std@@QAE?AV?$_Vector_iterator@V?$_Vector_val@EV?$allocator@E@std@@@std@@@2@XZ 004e73e0 f i ClientConnection.obj
 0002:0002a430       ?end@?$vector@EV?$allocator@E@std@@@std@@QAE?AV?$_Vector_iterator@V?$_Vector_val@EV?$allocator@E@std@@@std@@@2@XZ 004e7430 f i ClientConnection.obj
 0002:0002a480       ?empty@?$vector@EV?$allocator@E@std@@@std@@QBE_NXZ 004e7480 f i ClientConnection.obj
 0002:0002a4b0       ?push_back@?$vector@EV?$allocator@E@std@@@std@@QAEXABE@Z 004e74b0 f i ClientConnection.obj
 0002:0002a5f0       ??9?$_Vector_const_iterator@V?$_Vector_val@KV?$allocator@K@std@@@std@@@std@@QBE_NABV01@@Z 004e75f0 f i ClientConnection.obj
 0002:0002a620       ??D?$_Vector_iterator@V?$_Vector_val@EV?$allocator@E@std@@@std@@@std@@QBEAAEXZ 004e7620 f i ClientConnection.obj
 0002:0002a640       ??E?$_Vector_iterator@V?$_Vector_val@EV?$allocator@E@std@@@std@@@std@@QAE?AV01@H@Z 004e7640 f i ClientConnection.obj
 0002:0002a6e0       ??9?$_Vector_const_iterator@V?$_Vector_val@EV?$allocator@E@std@@@std@@@std@@QBE_NABV01@@Z 004e76e0 f i ClientConnection.obj
 0002:0002a710       ??D?$_Vector_iterator@V?$_Vector_val@HV?$allocator@H@std@@@std@@@std@@QBEAAHXZ 004e7710 f i ClientConnection.obj
 0002:0002a730       ??E?$_Vector_iterator@V?$_Vector_val@HV?$allocator@H@std@@@std@@@std@@QAEAAV01@XZ 004e7730 f i ClientConnection.obj
 0002:0002a750       ??E?$_Vector_iterator@V?$_Vector_val@HV?$allocator@H@std@@@std@@@std@@QAE?AV01@H@Z 004e7750 f i ClientConnection.obj
 0002:0002a7f0       ??8?$_Vector_const_iterator@V?$_Vector_val@HV?$allocator@H@std@@@std@@@std@@QBE_NABV01@@Z 004e77f0 f i ClientConnection.obj
 0002:0002a830       ??9?$_Vector_const_iterator@V?$_Vector_val@HV?$allocator@H@std@@@std@@@std@@QBE_NABV01@@Z 004e7830 f i ClientConnection.obj
 0002:0002a860       ??0?$_Vector_const_iterator@V?$_Vector_val@HV?$allocator@H@std@@@std@@@std@@QAE@ABV01@@Z 004e7860 f i ClientConnection.obj
 0002:0002a8a0       ??0?$_Vector_iterator@V?$_Vector_val@EV?$allocator@E@std@@@std@@@std@@QAE@ABV01@@Z 004e78a0 f i ClientConnection.obj
 0002:0002a8d0       ??0?$_Vector_iterator@V?$_Vector_val@HV?$allocator@H@std@@@std@@@std@@QAE@ABV01@@Z 004e78d0 f i ClientConnection.obj
 0002:0002a900       ??0?$_Iterator012@Urandom_access_iterator_tag@std@@HHPBHABHU_Iterator_base12@2@@std@@QAE@ABU01@@Z 004e7900 f i ClientConnection.obj
 0002:0002a930       ??0_Iterator_base12@std@@QAE@ABU01@@Z 004e7930 f i ClientConnection.obj
 0002:0002a970       ??4_Iterator_base12@std@@QAEAAU01@ABU01@@Z 004e7970 f i ClientConnection.obj
 0002:0002a9b0       ?_Adopt@_Iterator_base12@std@@QAEXPBU_Container_base12@2@@Z 004e79b0 f i ClientConnection.obj
 0002:0002aa70       ??0?$_Vector_const_iterator@V?$_Vector_val@EV?$allocator@E@std@@@std@@@std@@QAE@ABV01@@Z 004e7a70 f i ClientConnection.obj
 0002:0002aab0       ??0?$_Iterator012@Urandom_access_iterator_tag@std@@EHPBEABEU_Iterator_base12@2@@std@@QAE@ABU01@@Z 004e7ab0 f i ClientConnection.obj
 0002:0002aae0       ?assign@?$basic_string@DU?$char_traits@D@std@@V?$allocator@D@2@@std@@QAEAAV12@ABV12@@Z 004e7ae0 f i ClientConnection.obj
 0002:0002ab10       ?assign@?$basic_string@DU?$char_traits@D@std@@V?$allocator@D@2@@std@@QAEAAV12@PBD@Z 004e7b10 f i ClientConnection.obj
 0002:0002ab60       ?length@?$char_traits@D@std@@SAIPBD@Z 004e7b60 f i ClientConnection.obj
 0002:0002ab80       ?compare@?$basic_string@DU?$char_traits@D@std@@V?$allocator@D@2@@std@@QBEHIIPBDI@Z 004e7b80 f i ClientConnection.obj
 0002:0002ac80       ?compare@?$char_traits@D@std@@SAHPBD0I@Z 004e7c80 f i ClientConnection.obj
 0002:0002aca0       ?_Tidy@?$basic_string@DU?$char_traits@D@std@@V?$allocator@D@2@@std@@QAEX_NI@Z 004e7ca0 f i ClientConnection.obj
 0002:0002ad40       ?copy@?$char_traits@D@std@@SAPADPADPBDI@Z 004e7d40 f i ClientConnection.obj
 0002:0002ad60       ?_Myptr@?$basic_string@DU?$char_traits@D@std@@V?$allocator@D@2@@std@@QBEPBDXZ 004e7d60 f i ClientConnection.obj
 0002:0002ada0       ??0?$_String_val@DV?$allocator@D@std@@@std@@QAE@V?$allocator@D@1@@Z 004e7da0 f i ClientConnection.obj
 0002:0002ae70       ??0_Container_proxy@std@@QAE@XZ 004e7e70 f i ClientConnection.obj
 0002:0002aea0       ??0_Container_base12@std@@QAE@XZ 004e7ea0 f i ClientConnection.obj
 0002:0002aec0       ??1_Container_base12@std@@QAE@XZ 004e7ec0 f i ClientConnection.obj
 0002:0002aee0       ?_Orphan_all@_Container_base12@std@@QAEXXZ 004e7ee0 f i ClientConnection.obj
 0002:0002af60       ??1?$_String_val@DV?$allocator@D@std@@@std@@QAE@XZ 004e7f60 f i ClientConnection.obj
 0002:0002b020       ??0?$allocator@D@std@@QAE@XZ 004e8020 f i ClientConnection.obj
 0002:0002b040       ??0?$allocator@D@std@@QAE@ABV01@@Z 004e8040 f i ClientConnection.obj
 0002:0002b060       ?begin@?$vector@HV?$allocator@H@std@@@std@@QBE?AV?$_Vector_const_iterator@V?$_Vector_val@HV?$allocator@H@std@@@std@@@2@XZ 004e8060 f i ClientConnection.obj
 0002:0002b0b0       ?end@?$vector@HV?$allocator@H@std@@@std@@QBE?AV?$_Vector_const_iterator@V?$_Vector_val@HV?$allocator@H@std@@@std@@@2@XZ 004e80b0 f i ClientConnection.obj
 0002:0002b100       ?size@?$vector@HV?$allocator@H@std@@@std@@QBEIXZ 004e8100 f i ClientConnection.obj
 0002:0002b120       ?erase@?$vector@HV?$allocator@H@std@@@std@@QAE?AV?$_Vector_iterator@V?$_Vector_val@HV?$allocator@H@std@@@std@@@2@V?$_Vector_const_iterator@V?$_Vector_val@HV?$allocator@H@std@@@std@@@2@0@Z 004e8120 f i ClientConnection.obj
 0002:0002b330       ?_Getcont@_Iterator_base12@std@@QBEPBU_Container_base12@2@XZ 004e8330 f i ClientConnection.obj
 0002:0002b370       ?_Buy@?$vector@HV?$allocator@H@std@@@std@@IAE_NI@Z 004e8370 f i ClientConnection.obj
 0002:0002b420       ?_Inside@?$vector@HV?$allocator@H@std@@@std@@IBE_NPBH@Z 004e8420 f i ClientConnection.obj
 0002:0002b470       ?_Reserve@?$vector@HV?$allocator@H@std@@@std@@IAEXI@Z 004e8470 f i ClientConnection.obj
 0002:0002b4f0       ?_Tidy@?$vector@HV?$allocator@H@std@@@std@@IAEXXZ 004e84f0 f i ClientConnection.obj
 0002:0002b580       ?_Orphan_range@?$vector@HV?$allocator@H@std@@@std@@IBEXPAH0@Z 004e8580 f i ClientConnection.obj
 0002:0002b670       ?_Getpfirst@_Container_base12@std@@QBEPAPAU_Iterator_base12@2@XZ 004e8670 f i ClientConnection.obj
 0002:0002b6b0       ?_Clrcont@_Iterator_base12@std@@QAEXXZ 004e86b0 f i ClientConnection.obj
 0002:0002b6d0       ?_Getpnext@_Iterator_base12@std@@QAEPAPAU12@XZ 004e86d0 f i ClientConnection.obj
 0002:0002b6f0       ??0?$_Vector_val@HV?$allocator@H@std@@@std@@QAE@V?$allocator@H@1@@Z 004e86f0 f i ClientConnection.obj
 0002:0002b7f0       ??1?$_Vector_val@HV?$allocator@H@std@@@std@@QAE@XZ 004e87f0 f i ClientConnection.obj
 0002:0002b8b0       ??0?$allocator@H@std@@QAE@ABV01@@Z 004e88b0 f i ClientConnection.obj
 0002:0002b8d0       ?_Tidy@?$_Tree@V?$_Tmap_traits@_WKU?$less@_W@std@@V?$allocator@U?$pair@$$CB_WK@std@@@2@$0A@@std@@@std@@IAEXXZ 004e88d0 f i ClientConnection.obj
 0002:0002b9e0       ??1?$_Tree_val@V?$_Tmap_traits@_WKU?$less@_W@std@@V?$allocator@U?$pair@$$CB_WK@std@@@2@$0A@@std@@@std@@QAE@XZ 004e89e0 f i ClientConnection.obj
 0002:0002ba60       ?_Tidy@?$_Tree@V?$_Tmap_traits@K_WU?$less@K@std@@V?$allocator@U?$pair@$$CBK_W@std@@@2@$0A@@std@@@std@@IAEXXZ 004e8a60 f i ClientConnection.obj
 0002:0002bb70       ??1?$_Tree_val@V?$_Tmap_traits@K_WU?$less@K@std@@V?$allocator@U?$pair@$$CBK_W@std@@@2@$0A@@std@@@std@@QAE@XZ 004e8b70 f i ClientConnection.obj
 0002:0002bbf0       ?_Inside@?$vector@KV?$allocator@K@std@@@std@@IBE_NPBK@Z 004e8bf0 f i ClientConnection.obj
 0002:0002bc40       ?_Reserve@?$vector@KV?$allocator@K@std@@@std@@IAEXI@Z 004e8c40 f i ClientConnection.obj
 0002:0002bcc0       ?_Tidy@?$vector@KV?$allocator@K@std@@@std@@IAEXXZ 004e8cc0 f i ClientConnection.obj
 0002:0002bd50       ?_Orphan_range@?$vector@KV?$allocator@K@std@@@std@@IBEXPAK0@Z 004e8d50 f i ClientConnection.obj
 0002:0002be40       ??0?$_Vector_val@KV?$allocator@K@std@@@std@@QAE@V?$allocator@K@1@@Z 004e8e40 f i ClientConnection.obj
 0002:0002bf40       ??1?$_Vector_val@KV?$allocator@K@std@@@std@@QAE@XZ 004e8f40 f i ClientConnection.obj
 0002:0002c000       ??0?$allocator@K@std@@QAE@XZ 004e9000 f i ClientConnection.obj
 0002:0002c020       ?_Inside@?$vector@EV?$allocator@E@std@@@std@@IBE_NPBE@Z 004e9020 f i ClientConnection.obj
 0002:0002c070       ?_Reserve@?$vector@EV?$allocator@E@std@@@std@@IAEXI@Z 004e9070 f i ClientConnection.obj
 0002:0002c0f0       ?_Tidy@?$vector@EV?$allocator@E@std@@@std@@IAEXXZ 004e90f0 f i ClientConnection.obj
 0002:0002c180       ?_Orphan_range@?$vector@EV?$allocator@E@std@@@std@@IBEXPAE0@Z 004e9180 f i ClientConnection.obj
 0002:0002c270       ??0?$_Vector_val@EV?$allocator@E@std@@@std@@QAE@V?$allocator@E@1@@Z 004e9270 f i ClientConnection.obj
 0002:0002c370       ??1?$_Vector_val@EV?$allocator@E@std@@@std@@QAE@XZ 004e9370 f i ClientConnection.obj
 0002:0002c430       ??0?$allocator@E@std@@QAE@XZ 004e9430 f i ClientConnection.obj
 0002:0002c450       ??0?$_Vector_iterator@V?$_Vector_val@KV?$allocator@K@std@@@std@@@std@@QAE@PAKPBU_Container_base12@1@@Z 004e9450 f i ClientConnection.obj
 0002:0002c480       ??8?$_Vector_const_iterator@V?$_Vector_val@KV?$allocator@K@std@@@std@@@std@@QBE_NABV01@@Z 004e9480 f i ClientConnection.obj
 0002:0002c4c0       ??0?$_Vector_iterator@V?$_Vector_val@EV?$allocator@E@std@@@std@@@std@@QAE@PAEPBU_Container_base12@1@@Z 004e94c0 f i ClientConnection.obj
 0002:0002c4f0       ??E?$_Vector_iterator@V?$_Vector_val@EV?$allocator@E@std@@@std@@@std@@QAEAAV01@XZ 004e94f0 f i ClientConnection.obj
 0002:0002c510       ??D?$_Vector_const_iterator@V?$_Vector_val@EV?$allocator@E@std@@@std@@@std@@QBEABEXZ 004e9510 f i ClientConnection.obj
 0002:0002c5f0       ??8?$_Vector_const_iterator@V?$_Vector_val@EV?$allocator@E@std@@@std@@@std@@QBE_NABV01@@Z 004e95f0 f i ClientConnection.obj
 0002:0002c630       ??0?$_Vector_iterator@V?$_Vector_val@HV?$allocator@H@std@@@std@@@std@@QAE@PAHPBU_Container_base12@1@@Z 004e9630 f i ClientConnection.obj
 0002:0002c660       ??D?$_Vector_const_iterator@V?$_Vector_val@HV?$allocator@H@std@@@std@@@std@@QBEABHXZ 004e9660 f i ClientConnection.obj
 0002:0002c740       ??E?$_Vector_const_iterator@V?$_Vector_val@HV?$allocator@H@std@@@std@@@std@@QAEAAV01@XZ 004e9740 f i ClientConnection.obj
 0002:0002c810       ?_Compat@?$_Vector_const_iterator@V?$_Vector_val@HV?$allocator@H@std@@@std@@@std@@QBEXABV12@@Z 004e9810 f i ClientConnection.obj
 0002:0002c8d0       ??1?$_Tree_iterator@V?$_Tree_val@V?$_Tmap_traits@_WKU?$less@_W@std@@V?$allocator@U?$pair@$$CB_WK@std@@@2@$0A@@std@@@std@@@std@@QAE@XZ 004e98d0 f i ClientConnection.obj
 0002:0002c8f0       ??0?$_Tree_const_iterator@V?$_Tree_val@V?$_Tmap_traits@_WKU?$less@_W@std@@V?$allocator@U?$pair@$$CB_WK@std@@@2@$0A@@std@@@std@@@std@@QAE@ABV01@@Z 004e98f0 f i ClientConnection.obj
 0002:0002c920       ??1?$_Tree_const_iterator@V?$_Tree_val@V?$_Tmap_traits@_WKU?$less@_W@std@@V?$allocator@U?$pair@$$CB_WK@std@@@2@$0A@@std@@@std@@@std@@QAE@XZ 004e9920 f i ClientConnection.obj
 0002:0002c940       ??1?$_Tree_iterator@V?$_Tree_val@V?$_Tmap_traits@K_WU?$less@K@std@@V?$allocator@U?$pair@$$CBK_W@std@@@2@$0A@@std@@@std@@@std@@QAE@XZ 004e9940 f i ClientConnection.obj
 0002:0002c960       ??0?$_Tree_const_iterator@V?$_Tree_val@V?$_Tmap_traits@K_WU?$less@K@std@@V?$allocator@U?$pair@$$CBK_W@std@@@2@$0A@@std@@@std@@@std@@QAE@ABV01@@Z 004e9960 f i ClientConnection.obj
 0002:0002c990       ??1?$_Tree_const_iterator@V?$_Tree_val@V?$_Tmap_traits@K_WU?$less@K@std@@V?$allocator@U?$pair@$$CBK_W@std@@@2@$0A@@std@@@std@@@std@@QAE@XZ 004e9990 f i ClientConnection.obj
 0002:0002c9b0       ??0?$_Tree_unchecked_const_iterator@V?$_Tree_val@V?$_Tmap_traits@_WKU?$less@_W@std@@V?$allocator@U?$pair@$$CB_WK@std@@@2@$0A@@std@@@std@@U_Iterator_base12@2@@std@@QAE@ABV01@@Z 004e99b0 f i ClientConnection.obj
 0002:0002c9f0       ??1?$_Tree_unchecked_const_iterator@V?$_Tree_val@V?$_Tmap_traits@_WKU?$less@_W@std@@V?$allocator@U?$pair@$$CB_WK@std@@@2@$0A@@std@@@std@@U_Iterator_base12@2@@std@@QAE@XZ 004e99f0 f i ClientConnection.obj
 0002:0002ca10       ??0?$_Tree_unchecked_const_iterator@V?$_Tree_val@V?$_Tmap_traits@K_WU?$less@K@std@@V?$allocator@U?$pair@$$CBK_W@std@@@2@$0A@@std@@@std@@U_Iterator_base12@2@@std@@QAE@ABV01@@Z 004e9a10 f i ClientConnection.obj
 0002:0002ca50       ??1?$_Tree_unchecked_const_iterator@V?$_Tree_val@V?$_Tmap_traits@K_WU?$less@K@std@@V?$allocator@U?$pair@$$CBK_W@std@@@2@$0A@@std@@@std@@U_Iterator_base12@2@@std@@QAE@XZ 004e9a50 f i ClientConnection.obj
 0002:0002ca70       ??0?$_Iterator012@Ubidirectional_iterator_tag@std@@U?$pair@$$CB_WK@2@HPBU32@ABU32@U_Iterator_base12@2@@std@@QAE@ABU01@@Z 004e9a70 f i ClientConnection.obj
 0002:0002caa0       ??1?$_Iterator012@Ubidirectional_iterator_tag@std@@U?$pair@$$CB_WK@2@HPBU32@ABU32@U_Iterator_base12@2@@std@@QAE@XZ 004e9aa0 f i ClientConnection.obj
 0002:0002cac0       ??0?$_Iterator012@Ubidirectional_iterator_tag@std@@U?$pair@$$CBK_W@2@HPBU32@ABU32@U_Iterator_base12@2@@std@@QAE@ABU01@@Z 004e9ac0 f i ClientConnection.obj
 0002:0002caf0       ??1?$_Iterator012@Ubidirectional_iterator_tag@std@@U?$pair@$$CBK_W@2@HPBU32@ABU32@U_Iterator_base12@2@@std@@QAE@XZ 004e9af0 f i ClientConnection.obj
 0002:0002cb10       ?assign@?$basic_string@DU?$char_traits@D@std@@V?$allocator@D@2@@std@@QAEAAV12@ABV12@II@Z 004e9b10 f i ClientConnection.obj
 0002:0002cbf0       ?assign@?$basic_string@DU?$char_traits@D@std@@V?$allocator@D@2@@std@@QAEAAV12@PBDI@Z 004e9bf0 f i ClientConnection.obj
 0002:0002ccb0       ?_Eos@?$basic_string@DU?$char_traits@D@std@@V?$allocator@D@2@@std@@QAEXI@Z 004e9cb0 f i ClientConnection.obj
 0002:0002cd00       ?assign@?$char_traits@D@std@@SAXAADABD@Z 004e9d00 f i ClientConnection.obj
 0002:0002cd20       ?_Myptr@?$basic_string@DU?$char_traits@D@std@@V?$allocator@D@2@@std@@QAEPADXZ 004e9d20 f i ClientConnection.obj
 0002:0002cd60       ?_Xran@?$basic_string@DU?$char_traits@D@std@@V?$allocator@D@2@@std@@QBEXXZ 004e9d60 f i ClientConnection.obj
 0002:0002cd80       ?deallocate@?$allocator@D@std@@QAEXPADI@Z 004e9d80 f i ClientConnection.obj
 0002:0002cda0       ?reserve@?$vector@HV?$allocator@H@std@@@std@@QAEXI@Z 004e9da0 f i ClientConnection.obj
 0002:0002cf50       ?capacity@?$vector@HV?$allocator@H@std@@@std@@QBEIXZ 004e9f50 f i ClientConnection.obj
 0002:0002cf70       ?_Make_iter@?$vector@HV?$allocator@H@std@@@std@@QBE?AV?$_Vector_iterator@V?$_Vector_val@HV?$allocator@H@std@@@std@@@2@V?$_Vector_const_iterator@V?$_Vector_val@HV?$allocator@H@std@@@std@@@2@@Z 004e9f70 f i ClientConnection.obj
 0002:0002d000       ?max_size@?$vector@HV?$allocator@H@std@@@std@@QBEIXZ 004ea000 f i ClientConnection.obj
 0002:0002d020       ?_Destroy@?$vector@HV?$allocator@H@std@@@std@@IAEXPAH0@Z 004ea020 f i ClientConnection.obj
 0002:0002d050       ?_Grow_to@?$vector@HV?$allocator@H@std@@@std@@IBEII@Z 004ea050 f i ClientConnection.obj
 0002:0002d0c0       ?_Xlen@?$vector@HV?$allocator@H@std@@@std@@IBEXXZ 004ea0c0 f i ClientConnection.obj
 0002:0002d0e0       ?deallocate@?$allocator@H@std@@QAEXPAHI@Z 004ea0e0 f i ClientConnection.obj
 0002:0002d100       ?allocate@?$allocator@H@std@@QAEPAHI@Z 004ea100 f i ClientConnection.obj
 0002:0002d130       ?begin@?$_Tree@V?$_Tmap_traits@_WKU?$less@_W@std@@V?$allocator@U?$pair@$$CB_WK@std@@@2@$0A@@std@@@std@@QAE?AV?$_Tree_iterator@V?$_Tree_val@V?$_Tmap_traits@_WKU?$less@_W@std@@V?$allocator@U?$pair@$$CB_WK@std@@@2@$0A@@std@@@std@@@2@XZ 004ea130 f i ClientConnection.obj
 0002:0002d180       ?end@?$_Tree@V?$_Tmap_traits@_WKU?$less@_W@std@@V?$allocator@U?$pair@$$CB_WK@std@@@2@$0A@@std@@@std@@QAE?AV?$_Tree_iterator@V?$_Tree_val@V?$_Tmap_traits@_WKU?$less@_W@std@@V?$allocator@U?$pair@$$CB_WK@std@@@2@$0A@@std@@@std@@@2@XZ 004ea180 f i ClientConnection.obj
 0002:0002d1d0       ?erase@?$_Tree@V?$_Tmap_traits@_WKU?$less@_W@std@@V?$allocator@U?$pair@$$CB_WK@std@@@2@$0A@@std@@@std@@QAE?AV?$_Tree_iterator@V?$_Tree_val@V?$_Tmap_traits@_WKU?$less@_W@std@@V?$allocator@U?$pair@$$CB_WK@std@@@2@$0A@@std@@@std@@@2@V?$_Tree_const_iterator@V?$_Tree_val@V?$_Tmap_traits@_WKU?$less@_W@std@@V?$allocator@U?$pair@$$CB_WK@std@@@2@$0A@@std@@@std@@@2@0@Z 004ea1d0 f i ClientConnection.obj
 0002:0002d420       ??1?$_Tree_nod@V?$_Tmap_traits@_WKU?$less@_W@std@@V?$allocator@U?$pair@$$CB_WK@std@@@2@$0A@@std@@@std@@QAE@XZ 004ea420 f i ClientConnection.obj
 0002:0002d4e0       ?deallocate@?$allocator@U_Node@?$_Tree_nod@V?$_Tmap_traits@_WKU?$less@_W@std@@V?$allocator@U?$pair@$$CB_WK@std@@@2@$0A@@std@@@std@@@std@@QAEXPAU_Node@?$_Tree_nod@V?$_Tmap_traits@_WKU?$less@_W@std@@V?$allocator@U?$pair@$$CB_WK@std@@@2@$0A@@std@@@2@I@Z 004ea4e0 f i ClientConnection.obj
 0002:0002d500       ?begin@?$_Tree@V?$_Tmap_traits@K_WU?$less@K@std@@V?$allocator@U?$pair@$$CBK_W@std@@@2@$0A@@std@@@std@@QAE?AV?$_Tree_iterator@V?$_Tree_val@V?$_Tmap_traits@K_WU?$less@K@std@@V?$allocator@U?$pair@$$CBK_W@std@@@2@$0A@@std@@@std@@@2@XZ 004ea500 f i ClientConnection.obj
 0002:0002d550       ?end@?$_Tree@V?$_Tmap_traits@K_WU?$less@K@std@@V?$allocator@U?$pair@$$CBK_W@std@@@2@$0A@@std@@@std@@QAE?AV?$_Tree_iterator@V?$_Tree_val@V?$_Tmap_traits@K_WU?$less@K@std@@V?$allocator@U?$pair@$$CBK_W@std@@@2@$0A@@std@@@std@@@2@XZ 004ea550 f i ClientConnection.obj
 0002:0002d5a0       ?erase@?$_Tree@V?$_Tmap_traits@K_WU?$less@K@std@@V?$allocator@U?$pair@$$CBK_W@std@@@2@$0A@@std@@@std@@QAE?AV?$_Tree_iterator@V?$_Tree_val@V?$_Tmap_traits@K_WU?$less@K@std@@V?$allocator@U?$pair@$$CBK_W@std@@@2@$0A@@std@@@std@@@2@V?$_Tree_const_iterator@V?$_Tree_val@V?$_Tmap_traits@K_WU?$less@K@std@@V?$allocator@U?$pair@$$CBK_W@std@@@2@$0A@@std@@@std@@@2@0@Z 004ea5a0 f i ClientConnection.obj
 0002:0002d7f0       ??1?$_Tree_nod@V?$_Tmap_traits@K_WU?$less@K@std@@V?$allocator@U?$pair@$$CBK_W@std@@@2@$0A@@std@@@std@@QAE@XZ 004ea7f0 f i ClientConnection.obj
 0002:0002d8b0       ?deallocate@?$allocator@U_Node@?$_Tree_nod@V?$_Tmap_traits@K_WU?$less@K@std@@V?$allocator@U?$pair@$$CBK_W@std@@@2@$0A@@std@@@std@@@std@@QAEXPAU_Node@?$_Tree_nod@V?$_Tmap_traits@K_WU?$less@K@std@@V?$allocator@U?$pair@$$CBK_W@std@@@2@$0A@@std@@@2@I@Z 004ea8b0 f i ClientConnection.obj
 0002:0002d8d0       ?reserve@?$vector@KV?$allocator@K@std@@@std@@QAEXI@Z 004ea8d0 f i ClientConnection.obj
 0002:0002da80       ?capacity@?$vector@KV?$allocator@K@std@@@std@@QBEIXZ 004eaa80 f i ClientConnection.obj
 0002:0002daa0       ?max_size@?$vector@KV?$allocator@K@std@@@std@@QBEIXZ 004eaaa0 f i ClientConnection.obj
 0002:0002dac0       ?_Destroy@?$vector@KV?$allocator@K@std@@@std@@IAEXPAK0@Z 004eaac0 f i ClientConnection.obj
 0002:0002daf0       ?_Grow_to@?$vector@KV?$allocator@K@std@@@std@@IBEII@Z 004eaaf0 f i ClientConnection.obj
 0002:0002db60       ?_Xlen@?$vector@KV?$allocator@K@std@@@std@@IBEXXZ 004eab60 f i ClientConnection.obj
 0002:0002db80       ??0?$allocator@K@std@@QAE@ABV01@@Z 004eab80 f i ClientConnection.obj
 0002:0002dba0       ?deallocate@?$allocator@K@std@@QAEXPAKI@Z 004eaba0 f i ClientConnection.obj
 0002:0002dbc0       ?reserve@?$vector@EV?$allocator@E@std@@@std@@QAEXI@Z 004eabc0 f i ClientConnection.obj
 0002:0002dd60       ?capacity@?$vector@EV?$allocator@E@std@@@std@@QBEIXZ 004ead60 f i ClientConnection.obj
 0002:0002dd80       ?size@?$vector@EV?$allocator@E@std@@@std@@QBEIXZ 004ead80 f i ClientConnection.obj
 0002:0002dda0       ?max_size@?$vector@EV?$allocator@E@std@@@std@@QBEIXZ 004eada0 f i ClientConnection.obj
 0002:0002ddc0       ?_Destroy@?$vector@EV?$allocator@E@std@@@std@@IAEXPAE0@Z 004eadc0 f i ClientConnection.obj
 0002:0002ddf0       ?_Grow_to@?$vector@EV?$allocator@E@std@@@std@@IBEII@Z 004eadf0 f i ClientConnection.obj
 0002:0002de60       ?_Xlen@?$vector@EV?$allocator@E@std@@@std@@IBEXXZ 004eae60 f i ClientConnection.obj
 0002:0002de80       ??0?$allocator@E@std@@QAE@ABV01@@Z 004eae80 f i ClientConnection.obj
 0002:0002dea0       ?deallocate@?$allocator@E@std@@QAEXPAEI@Z 004eaea0 f i ClientConnection.obj
 0002:0002dec0       ??0?$_Vector_const_iterator@V?$_Vector_val@KV?$allocator@K@std@@@std@@@std@@QAE@PAKPBU_Container_base12@1@@Z 004eaec0 f i ClientConnection.obj
 0002:0002df40       ?_Compat@?$_Vector_const_iterator@V?$_Vector_val@KV?$allocator@K@std@@@std@@@std@@QBEXABV12@@Z 004eaf40 f i ClientConnection.obj
 0002:0002e000       ??0?$_Vector_const_iterator@V?$_Vector_val@EV?$allocator@E@std@@@std@@@std@@QAE@PAEPBU_Container_base12@1@@Z 004eb000 f i ClientConnection.obj
 0002:0002e080       ??E?$_Vector_const_iterator@V?$_Vector_val@EV?$allocator@E@std@@@std@@@std@@QAEAAV01@XZ 004eb080 f i ClientConnection.obj
 0002:0002e150       ?_Compat@?$_Vector_const_iterator@V?$_Vector_val@EV?$allocator@E@std@@@std@@@std@@QBEXABV12@@Z 004eb150 f i ClientConnection.obj
 0002:0002e210       ??0?$_Vector_const_iterator@V?$_Vector_val@HV?$allocator@H@std@@@std@@@std@@QAE@PAHPBU_Container_base12@1@@Z 004eb210 f i ClientConnection.obj
 0002:0002e290       ??M?$_Vector_const_iterator@V?$_Vector_val@HV?$allocator@H@std@@@std@@@std@@QBE_NABV01@@Z 004eb290 f i ClientConnection.obj
 0002:0002e2d0       ?deallocate@?$allocator@U_Container_proxy@std@@@std@@QAEXPAU_Container_proxy@2@I@Z 004eb2d0 f i ClientConnection.obj
 0002:0002e2f0       ?allocate@?$allocator@U_Container_proxy@std@@@std@@QAEPAU_Container_proxy@2@I@Z 004eb2f0 f i ClientConnection.obj
 0002:0002e320       ??1?$_Tmap_traits@_WKU?$less@_W@std@@V?$allocator@U?$pair@$$CB_WK@std@@@2@$0A@@std@@QAE@XZ 004eb320 f i ClientConnection.obj
 0002:0002e340       ??1?$_Tmap_traits@K_WU?$less@K@std@@V?$allocator@U?$pair@$$CBK_W@std@@@2@$0A@@std@@QAE@XZ 004eb340 f i ClientConnection.obj
 0002:0002e360       ??0?$_Iterator012@Urandom_access_iterator_tag@std@@KHPBKABKU_Iterator_base12@2@@std@@QAE@XZ 004eb360 f i ClientConnection.obj
 0002:0002e380       ??0_Iterator_base12@std@@QAE@XZ 004eb380 f i ClientConnection.obj
 0002:0002e3b0       ??0?$_Iterator012@Urandom_access_iterator_tag@std@@EHPBEABEU_Iterator_base12@2@@std@@QAE@XZ 004eb3b0 f i ClientConnection.obj
 0002:0002e3d0       ??0?$_Iterator012@Urandom_access_iterator_tag@std@@HHPBHABHU_Iterator_base12@2@@std@@QAE@XZ 004eb3d0 f i ClientConnection.obj
 0002:0002e3f0       ?erase@?$basic_string@DU?$char_traits@D@std@@V?$allocator@D@2@@std@@QAEAAV12@II@Z 004eb3f0 f i ClientConnection.obj
 0002:0002e4a0       ?move@?$char_traits@D@std@@SAPADPADPBDI@Z 004eb4a0 f i ClientConnection.obj
 0002:0002e4c0       ?_Grow@?$basic_string@DU?$char_traits@D@std@@V?$allocator@D@2@@std@@QAE_NI_N@Z 004eb4c0 f i ClientConnection.obj
 0002:0002e580       ?_Inside@?$basic_string@DU?$char_traits@D@std@@V?$allocator@D@2@@std@@QAE_NPBD@Z 004eb580 f i ClientConnection.obj
 0002:0002e5d0       ?_Xlen@?$basic_string@DU?$char_traits@D@std@@V?$allocator@D@2@@std@@QBEXXZ 004eb5d0 f i ClientConnection.obj
 0002:0002e5f0       ?max_size@?$allocator@H@std@@QBEIXZ 004eb5f0 f i ClientConnection.obj
 0002:0002e630       ?erase@?$_Tree@V?$_Tmap_traits@_WKU?$less@_W@std@@V?$allocator@U?$pair@$$CB_WK@std@@@2@$0A@@std@@@std@@QAE?AV?$_Tree_iterator@V?$_Tree_val@V?$_Tmap_traits@_WKU?$less@_W@std@@V?$allocator@U?$pair@$$CB_WK@std@@@2@$0A@@std@@@std@@@2@V?$_Tree_const_iterator@V?$_Tree_val@V?$_Tmap_traits@_WKU?$less@_W@std@@V?$allocator@U?$pair@$$CB_WK@std@@@2@$0A@@std@@@std@@@2@@Z 004eb630 f i ClientConnection.obj
 0002:0002f030       ?clear@?$_Tree@V?$_Tmap_traits@_WKU?$less@_W@std@@V?$allocator@U?$pair@$$CB_WK@std@@@2@$0A@@std@@@std@@QAEXXZ 004ec030 f i ClientConnection.obj
 0002:0002f0b0       ?_Lmost@?$_Tree@V?$_Tmap_traits@_WKU?$less@_W@std@@V?$allocator@U?$pair@$$CB_WK@std@@@2@$0A@@std@@@std@@IBEAAPAU_Node@?$_Tree_nod@V?$_Tmap_traits@_WKU?$less@_W@std@@V?$allocator@U?$pair@$$CB_WK@std@@@2@$0A@@std@@@2@XZ 004ec0b0 f i ClientConnection.obj
 0002:0002f0d0       ?erase@?$_Tree@V?$_Tmap_traits@K_WU?$less@K@std@@V?$allocator@U?$pair@$$CBK_W@std@@@2@$0A@@std@@@std@@QAE?AV?$_Tree_iterator@V?$_Tree_val@V?$_Tmap_traits@K_WU?$less@K@std@@V?$allocator@U?$pair@$$CBK_W@std@@@2@$0A@@std@@@std@@@2@V?$_Tree_const_iterator@V?$_Tree_val@V?$_Tmap_traits@K_WU?$less@K@std@@V?$allocator@U?$pair@$$CBK_W@std@@@2@$0A@@std@@@std@@@2@@Z 004ec0d0 f i ClientConnection.obj
 0002:0002fad0       ?clear@?$_Tree@V?$_Tmap_traits@K_WU?$less@K@std@@V?$allocator@U?$pair@$$CBK_W@std@@@2@$0A@@std@@@std@@QAEXXZ 004ecad0 f i ClientConnection.obj
 0002:0002fb50       ?_Lmost@?$_Tree@V?$_Tmap_traits@K_WU?$less@K@std@@V?$allocator@U?$pair@$$CBK_W@std@@@2@$0A@@std@@@std@@IBEAAPAU_Node@?$_Tree_nod@V?$_Tmap_traits@K_WU?$less@K@std@@V?$allocator@U?$pair@$$CBK_W@std@@@2@$0A@@std@@@2@XZ 004ecb50 f i ClientConnection.obj
 0002:0002fb70       ?allocate@?$allocator@K@std@@QAEPAKI@Z 004ecb70 f i ClientConnection.obj
 0002:0002fba0       ?max_size@?$allocator@K@std@@QBEIXZ 004ecba0 f i ClientConnection.obj
 0002:0002fbe0       ?allocate@?$allocator@E@std@@QAEPAEI@Z 004ecbe0 f i ClientConnection.obj
 0002:0002fc10       ?max_size@?$allocator@E@std@@QBEIXZ 004ecc10 f i ClientConnection.obj
 0002:0002fc50       ??0?$_Tree_iterator@V?$_Tree_val@V?$_Tmap_traits@_WKU?$less@_W@std@@V?$allocator@U?$pair@$$CB_WK@std@@@2@$0A@@std@@@std@@@std@@QAE@PAU_Node@?$_Tree_nod@V?$_Tmap_traits@_WKU?$less@_W@std@@V?$allocator@U?$pair@$$CB_WK@std@@@2@$0A@@std@@@1@PBV?$_Tree_val@V?$_Tmap_traits@_WKU?$less@_W@std@@V?$allocator@U?$pair@$$CB_WK@std@@@2@$0A@@std@@@1@@Z 004ecc50 f i ClientConnection.obj
 0002:0002fc80       ??E?$_Tree_const_iterator@V?$_Tree_val@V?$_Tmap_traits@_WKU?$less@_W@std@@V?$allocator@U?$pair@$$CB_WK@std@@@2@$0A@@std@@@std@@@std@@QAE?AV01@H@Z 004ecc80 f i ClientConnection.obj
 0002:0002fd20       ??8?$_Tree_const_iterator@V?$_Tree_val@V?$_Tmap_traits@_WKU?$less@_W@std@@V?$allocator@U?$pair@$$CB_WK@std@@@2@$0A@@std@@@std@@@std@@QBE_NABV01@@Z 004ecd20 f i ClientConnection.obj
 0002:0002fdf0       ??9?$_Tree_const_iterator@V?$_Tree_val@V?$_Tmap_traits@_WKU?$less@_W@std@@V?$allocator@U?$pair@$$CB_WK@std@@@2@$0A@@std@@@std@@@std@@QBE_NABV01@@Z 004ecdf0 f i ClientConnection.obj
 0002:0002fe20       ??0?$_Tree_iterator@V?$_Tree_val@V?$_Tmap_traits@K_WU?$less@K@std@@V?$allocator@U?$pair@$$CBK_W@std@@@2@$0A@@std@@@std@@@std@@QAE@PAU_Node@?$_Tree_nod@V?$_Tmap_traits@K_WU?$less@K@std@@V?$allocator@U?$pair@$$CBK_W@std@@@2@$0A@@std@@@1@PBV?$_Tree_val@V?$_Tmap_traits@K_WU?$less@K@std@@V?$allocator@U?$pair@$$CBK_W@std@@@2@$0A@@std@@@1@@Z 004ece20 f i ClientConnection.obj
 0002:0002fe50       ??E?$_Tree_const_iterator@V?$_Tree_val@V?$_Tmap_traits@K_WU?$less@K@std@@V?$allocator@U?$pair@$$CBK_W@std@@@2@$0A@@std@@@std@@@std@@QAE?AV01@H@Z 004ece50 f i ClientConnection.obj
 0002:0002fef0       ??8?$_Tree_const_iterator@V?$_Tree_val@V?$_Tmap_traits@K_WU?$less@K@std@@V?$allocator@U?$pair@$$CBK_W@std@@@2@$0A@@std@@@std@@@std@@QBE_NABV01@@Z 004ecef0 f i ClientConnection.obj
 0002:0002ffc0       ??9?$_Tree_const_iterator@V?$_Tree_val@V?$_Tmap_traits@K_WU?$less@K@std@@V?$allocator@U?$pair@$$CBK_W@std@@@2@$0A@@std@@@std@@@std@@QBE_NABV01@@Z 004ecfc0 f i ClientConnection.obj
 0002:0002fff0       ?max_size@?$basic_string@DU?$char_traits@D@std@@V?$allocator@D@2@@std@@QBEIXZ 004ecff0 f i ClientConnection.obj
 0002:00030040       ?_Copy@?$basic_string@DU?$char_traits@D@std@@V?$allocator@D@2@@std@@QAEXII@Z 004ed040 f i ClientConnection.obj
 0002:00030230       ?_Erase@?$_Tree@V?$_Tmap_traits@_WKU?$less@_W@std@@V?$allocator@U?$pair@$$CB_WK@std@@@2@$0A@@std@@@std@@IAEXPAU_Node@?$_Tree_nod@V?$_Tmap_traits@_WKU?$less@_W@std@@V?$allocator@U?$pair@$$CB_WK@std@@@2@$0A@@std@@@2@@Z 004ed230 f i ClientConnection.obj
 0002:000302f0       ?_Lrotate@?$_Tree@V?$_Tmap_traits@_WKU?$less@_W@std@@V?$allocator@U?$pair@$$CB_WK@std@@@2@$0A@@std@@@std@@IAEXPAU_Node@?$_Tree_nod@V?$_Tmap_traits@_WKU?$less@_W@std@@V?$allocator@U?$pair@$$CB_WK@std@@@2@$0A@@std@@@2@@Z 004ed2f0 f i ClientConnection.obj
 0002:00030470       ?_Rmost@?$_Tree@V?$_Tmap_traits@_WKU?$less@_W@std@@V?$allocator@U?$pair@$$CB_WK@std@@@2@$0A@@std@@@std@@IBEAAPAU_Node@?$_Tree_nod@V?$_Tmap_traits@_WKU?$less@_W@std@@V?$allocator@U?$pair@$$CB_WK@std@@@2@$0A@@std@@@2@XZ 004ed470 f i ClientConnection.obj
 0002:00030490       ?_Root@?$_Tree@V?$_Tmap_traits@_WKU?$less@_W@std@@V?$allocator@U?$pair@$$CB_WK@std@@@2@$0A@@std@@@std@@IBEAAPAU_Node@?$_Tree_nod@V?$_Tmap_traits@_WKU?$less@_W@std@@V?$allocator@U?$pair@$$CB_WK@std@@@2@$0A@@std@@@2@XZ 004ed490 f i ClientConnection.obj
 0002:000304b0       ?_Rrotate@?$_Tree@V?$_Tmap_traits@_WKU?$less@_W@std@@V?$allocator@U?$pair@$$CB_WK@std@@@2@$0A@@std@@@std@@IAEXPAU_Node@?$_Tree_nod@V?$_Tmap_traits@_WKU?$less@_W@std@@V?$allocator@U?$pair@$$CB_WK@std@@@2@$0A@@std@@@2@@Z 004ed4b0 f i ClientConnection.obj
 0002:00030630       ?_Orphan_ptr@?$_Tree@V?$_Tmap_traits@_WKU?$less@_W@std@@V?$allocator@U?$pair@$$CB_WK@std@@@2@$0A@@std@@@std@@IBEXAAV12@PAU_Node@?$_Tree_nod@V?$_Tmap_traits@_WKU?$less@_W@std@@V?$allocator@U?$pair@$$CB_WK@std@@@2@$0A@@std@@@2@@Z 004ed630 f i ClientConnection.obj
 0002:00030730       ?_Color@?$_Tree_val@V?$_Tmap_traits@_WKU?$less@_W@std@@V?$allocator@U?$pair@$$CB_WK@std@@@2@$0A@@std@@@std@@SAAADPAU_Node@?$_Tree_nod@V?$_Tmap_traits@_WKU?$less@_W@std@@V?$allocator@U?$pair@$$CB_WK@std@@@2@$0A@@std@@@2@@Z 004ed730 f i ClientConnection.obj
 0002:00030740       ?_Isnil@?$_Tree_val@V?$_Tmap_traits@_WKU?$less@_W@std@@V?$allocator@U?$pair@$$CB_WK@std@@@2@$0A@@std@@@std@@SAAADPAU_Node@?$_Tree_nod@V?$_Tmap_traits@_WKU?$less@_W@std@@V?$allocator@U?$pair@$$CB_WK@std@@@2@$0A@@std@@@2@@Z 004ed740 f i ClientConnection.obj
 0002:00030750       ?_Left@?$_Tree_val@V?$_Tmap_traits@_WKU?$less@_W@std@@V?$allocator@U?$pair@$$CB_WK@std@@@2@$0A@@std@@@std@@SAAAPAU_Node@?$_Tree_nod@V?$_Tmap_traits@_WKU?$less@_W@std@@V?$allocator@U?$pair@$$CB_WK@std@@@2@$0A@@std@@@2@PAU342@@Z 004ed750 f i ClientConnection.obj
 0002:00030760       ?_Parent@?$_Tree_val@V?$_Tmap_traits@_WKU?$less@_W@std@@V?$allocator@U?$pair@$$CB_WK@std@@@2@$0A@@std@@@std@@SAAAPAU_Node@?$_Tree_nod@V?$_Tmap_traits@_WKU?$less@_W@std@@V?$allocator@U?$pair@$$CB_WK@std@@@2@$0A@@std@@@2@PAU342@@Z 004ed760 f i ClientConnection.obj
 0002:00030770       ?_Right@?$_Tree_val@V?$_Tmap_traits@_WKU?$less@_W@std@@V?$allocator@U?$pair@$$CB_WK@std@@@2@$0A@@std@@@std@@SAAAPAU_Node@?$_Tree_nod@V?$_Tmap_traits@_WKU?$less@_W@std@@V?$allocator@U?$pair@$$CB_WK@std@@@2@$0A@@std@@@2@PAU342@@Z 004ed770 f i ClientConnection.obj
 0002:00030780       ?_Myval@?$_Tree_val@V?$_Tmap_traits@_WKU?$less@_W@std@@V?$allocator@U?$pair@$$CB_WK@std@@@2@$0A@@std@@@std@@SAAAU?$pair@$$CB_WK@2@PAU_Node@?$_Tree_nod@V?$_Tmap_traits@_WKU?$less@_W@std@@V?$allocator@U?$pair@$$CB_WK@std@@@2@$0A@@std@@@2@@Z 004ed780 f i ClientConnection.obj
 0002:00030790       ?_Max@?$_Tree_val@V?$_Tmap_traits@_WKU?$less@_W@std@@V?$allocator@U?$pair@$$CB_WK@std@@@2@$0A@@std@@@std@@SAPAU_Node@?$_Tree_nod@V?$_Tmap_traits@_WKU?$less@_W@std@@V?$allocator@U?$pair@$$CB_WK@std@@@2@$0A@@std@@@2@PAU342@@Z 004ed790 f i ClientConnection.obj
 0002:000307e0       ?_Min@?$_Tree_val@V?$_Tmap_traits@_WKU?$less@_W@std@@V?$allocator@U?$pair@$$CB_WK@std@@@2@$0A@@std@@@std@@SAPAU_Node@?$_Tree_nod@V?$_Tmap_traits@_WKU?$less@_W@std@@V?$allocator@U?$pair@$$CB_WK@std@@@2@$0A@@std@@@2@PAU342@@Z 004ed7e0 f i ClientConnection.obj
 0002:00030830       ?_Erase@?$_Tree@V?$_Tmap_traits@K_WU?$less@K@std@@V?$allocator@U?$pair@$$CBK_W@std@@@2@$0A@@std@@@std@@IAEXPAU_Node@?$_Tree_nod@V?$_Tmap_traits@K_WU?$less@K@std@@V?$allocator@U?$pair@$$CBK_W@std@@@2@$0A@@std@@@2@@Z 004ed830 f i ClientConnection.obj
 0002:000308f0       ?_Lrotate@?$_Tree@V?$_Tmap_traits@K_WU?$less@K@std@@V?$allocator@U?$pair@$$CBK_W@std@@@2@$0A@@std@@@std@@IAEXPAU_Node@?$_Tree_nod@V?$_Tmap_traits@K_WU?$less@K@std@@V?$allocator@U?$pair@$$CBK_W@std@@@2@$0A@@std@@@2@@Z 004ed8f0 f i ClientConnection.obj
 0002:00030a70       ?_Rmost@?$_Tree@V?$_Tmap_traits@K_WU?$less@K@std@@V?$allocator@U?$pair@$$CBK_W@std@@@2@$0A@@std@@@std@@IBEAAPAU_Node@?$_Tree_nod@V?$_Tmap_traits@K_WU?$less@K@std@@V?$allocator@U?$pair@$$CBK_W@std@@@2@$0A@@std@@@2@XZ 004eda70 f i ClientConnection.obj
 0002:00030a90       ?_Root@?$_Tree@V?$_Tmap_traits@K_WU?$less@K@std@@V?$allocator@U?$pair@$$CBK_W@std@@@2@$0A@@std@@@std@@IBEAAPAU_Node@?$_Tree_nod@V?$_Tmap_traits@K_WU?$less@K@std@@V?$allocator@U?$pair@$$CBK_W@std@@@2@$0A@@std@@@2@XZ 004eda90 f i ClientConnection.obj
 0002:00030ab0       ?_Rrotate@?$_Tree@V?$_Tmap_traits@K_WU?$less@K@std@@V?$allocator@U?$pair@$$CBK_W@std@@@2@$0A@@std@@@std@@IAEXPAU_Node@?$_Tree_nod@V?$_Tmap_traits@K_WU?$less@K@std@@V?$allocator@U?$pair@$$CBK_W@std@@@2@$0A@@std@@@2@@Z 004edab0 f i ClientConnection.obj
 0002:00030c30       ?_Orphan_ptr@?$_Tree@V?$_Tmap_traits@K_WU?$less@K@std@@V?$allocator@U?$pair@$$CBK_W@std@@@2@$0A@@std@@@std@@IBEXAAV12@PAU_Node@?$_Tree_nod@V?$_Tmap_traits@K_WU?$less@K@std@@V?$allocator@U?$pair@$$CBK_W@std@@@2@$0A@@std@@@2@@Z 004edc30 f i ClientConnection.obj
 0002:00030d30       ?_Color@?$_Tree_val@V?$_Tmap_traits@K_WU?$less@K@std@@V?$allocator@U?$pair@$$CBK_W@std@@@2@$0A@@std@@@std@@SAAADPAU_Node@?$_Tree_nod@V?$_Tmap_traits@K_WU?$less@K@std@@V?$allocator@U?$pair@$$CBK_W@std@@@2@$0A@@std@@@2@@Z 004edd30 f i ClientConnection.obj
 0002:00030d40       ?_Isnil@?$_Tree_val@V?$_Tmap_traits@K_WU?$less@K@std@@V?$allocator@U?$pair@$$CBK_W@std@@@2@$0A@@std@@@std@@SAAADPAU_Node@?$_Tree_nod@V?$_Tmap_traits@K_WU?$less@K@std@@V?$allocator@U?$pair@$$CBK_W@std@@@2@$0A@@std@@@2@@Z 004edd40 f i ClientConnection.obj
 0002:00030d50       ?_Left@?$_Tree_val@V?$_Tmap_traits@K_WU?$less@K@std@@V?$allocator@U?$pair@$$CBK_W@std@@@2@$0A@@std@@@std@@SAAAPAU_Node@?$_Tree_nod@V?$_Tmap_traits@K_WU?$less@K@std@@V?$allocator@U?$pair@$$CBK_W@std@@@2@$0A@@std@@@2@PAU342@@Z 004edd50 f i ClientConnection.obj
 0002:00030d60       ?_Parent@?$_Tree_val@V?$_Tmap_traits@K_WU?$less@K@std@@V?$allocator@U?$pair@$$CBK_W@std@@@2@$0A@@std@@@std@@SAAAPAU_Node@?$_Tree_nod@V?$_Tmap_traits@K_WU?$less@K@std@@V?$allocator@U?$pair@$$CBK_W@std@@@2@$0A@@std@@@2@PAU342@@Z 004edd60 f i ClientConnection.obj
 0002:00030d70       ?_Right@?$_Tree_val@V?$_Tmap_traits@K_WU?$less@K@std@@V?$allocator@U?$pair@$$CBK_W@std@@@2@$0A@@std@@@std@@SAAAPAU_Node@?$_Tree_nod@V?$_Tmap_traits@K_WU?$less@K@std@@V?$allocator@U?$pair@$$CBK_W@std@@@2@$0A@@std@@@2@PAU342@@Z 004edd70 f i ClientConnection.obj
 0002:00030d80       ?_Myval@?$_Tree_val@V?$_Tmap_traits@K_WU?$less@K@std@@V?$allocator@U?$pair@$$CBK_W@std@@@2@$0A@@std@@@std@@SAAAU?$pair@$$CBK_W@2@PAU_Node@?$_Tree_nod@V?$_Tmap_traits@K_WU?$less@K@std@@V?$allocator@U?$pair@$$CBK_W@std@@@2@$0A@@std@@@2@@Z 004edd80 f i ClientConnection.obj
 0002:00030d90       ?_Max@?$_Tree_val@V?$_Tmap_traits@K_WU?$less@K@std@@V?$allocator@U?$pair@$$CBK_W@std@@@2@$0A@@std@@@std@@SAPAU_Node@?$_Tree_nod@V?$_Tmap_traits@K_WU?$less@K@std@@V?$allocator@U?$pair@$$CBK_W@std@@@2@$0A@@std@@@2@PAU342@@Z 004edd90 f i ClientConnection.obj
 0002:00030de0       ?_Min@?$_Tree_val@V?$_Tmap_traits@K_WU?$less@K@std@@V?$allocator@U?$pair@$$CBK_W@std@@@2@$0A@@std@@@std@@SAPAU_Node@?$_Tree_nod@V?$_Tmap_traits@K_WU?$less@K@std@@V?$allocator@U?$pair@$$CBK_W@std@@@2@$0A@@std@@@2@PAU342@@Z 004edde0 f i ClientConnection.obj
 0002:00030e30       ??0?$_Tree_const_iterator@V?$_Tree_val@V?$_Tmap_traits@_WKU?$less@_W@std@@V?$allocator@U?$pair@$$CB_WK@std@@@2@$0A@@std@@@std@@@std@@QAE@PAU_Node@?$_Tree_nod@V?$_Tmap_traits@_WKU?$less@_W@std@@V?$allocator@U?$pair@$$CB_WK@std@@@2@$0A@@std@@@1@PBV?$_Tree_val@V?$_Tmap_traits@_WKU?$less@_W@std@@V?$allocator@U?$pair@$$CB_WK@std@@@2@$0A@@std@@@1@@Z 004ede30 f i ClientConnection.obj
 0002:00030e60       ??E?$_Tree_const_iterator@V?$_Tree_val@V?$_Tmap_traits@_WKU?$less@_W@std@@V?$allocator@U?$pair@$$CB_WK@std@@@2@$0A@@std@@@std@@@std@@QAEAAV01@XZ 004ede60 f i ClientConnection.obj
 0002:00030f30       ?_Mynode@?$_Tree_unchecked_const_iterator@V?$_Tree_val@V?$_Tmap_traits@_WKU?$less@_W@std@@V?$allocator@U?$pair@$$CB_WK@std@@@2@$0A@@std@@@std@@U_Iterator_base12@2@@std@@QBEPAU_Node@?$_Tree_nod@V?$_Tmap_traits@_WKU?$less@_W@std@@V?$allocator@U?$pair@$$CB_WK@std@@@2@$0A@@std@@@2@XZ 004edf30 f i ClientConnection.obj
 0002:00030f50       ??0?$_Tree_const_iterator@V?$_Tree_val@V?$_Tmap_traits@K_WU?$less@K@std@@V?$allocator@U?$pair@$$CBK_W@std@@@2@$0A@@std@@@std@@@std@@QAE@PAU_Node@?$_Tree_nod@V?$_Tmap_traits@K_WU?$less@K@std@@V?$allocator@U?$pair@$$CBK_W@std@@@2@$0A@@std@@@1@PBV?$_Tree_val@V?$_Tmap_traits@K_WU?$less@K@std@@V?$allocator@U?$pair@$$CBK_W@std@@@2@$0A@@std@@@1@@Z 004edf50 f i ClientConnection.obj
 0002:00030f80       ??E?$_Tree_const_iterator@V?$_Tree_val@V?$_Tmap_traits@K_WU?$less@K@std@@V?$allocator@U?$pair@$$CBK_W@std@@@2@$0A@@std@@@std@@@std@@QAEAAV01@XZ 004edf80 f i ClientConnection.obj
 0002:00031050       ?_Mynode@?$_Tree_unchecked_const_iterator@V?$_Tree_val@V?$_Tmap_traits@K_WU?$less@K@std@@V?$allocator@U?$pair@$$CBK_W@std@@@2@$0A@@std@@@std@@U_Iterator_base12@2@@std@@QBEPAU_Node@?$_Tree_nod@V?$_Tmap_traits@K_WU?$less@K@std@@V?$allocator@U?$pair@$$CBK_W@std@@@2@$0A@@std@@@2@XZ 004ee050 f i ClientConnection.obj
 0002:00031070       ?allocate@?$allocator@D@std@@QAEPADI@Z 004ee070 f i ClientConnection.obj
 0002:000310a0       ?max_size@?$allocator@D@std@@QBEIXZ 004ee0a0 f i ClientConnection.obj
 0002:000310e0       ??0?$_Tree_unchecked_const_iterator@V?$_Tree_val@V?$_Tmap_traits@_WKU?$less@_W@std@@V?$allocator@U?$pair@$$CB_WK@std@@@2@$0A@@std@@@std@@U_Iterator_base12@2@@std@@QAE@PAU_Node@?$_Tree_nod@V?$_Tmap_traits@_WKU?$less@_W@std@@V?$allocator@U?$pair@$$CB_WK@std@@@2@$0A@@std@@@1@PBV?$_Tree_val@V?$_Tmap_traits@_WKU?$less@_W@std@@V?$allocator@U?$pair@$$CB_WK@std@@@2@$0A@@std@@@1@@Z 004ee0e0 f i ClientConnection.obj
 0002:00031160       ??E?$_Tree_unchecked_const_iterator@V?$_Tree_val@V?$_Tmap_traits@_WKU?$less@_W@std@@V?$allocator@U?$pair@$$CB_WK@std@@@2@$0A@@std@@@std@@U_Iterator_base12@2@@std@@QAEAAV01@XZ 004ee160 f i ClientConnection.obj
 0002:00031250       ??0?$_Tree_unchecked_const_iterator@V?$_Tree_val@V?$_Tmap_traits@K_WU?$less@K@std@@V?$allocator@U?$pair@$$CBK_W@std@@@2@$0A@@std@@@std@@U_Iterator_base12@2@@std@@QAE@PAU_Node@?$_Tree_nod@V?$_Tmap_traits@K_WU?$less@K@std@@V?$allocator@U?$pair@$$CBK_W@std@@@2@$0A@@std@@@1@PBV?$_Tree_val@V?$_Tmap_traits@K_WU?$less@K@std@@V?$allocator@U?$pair@$$CBK_W@std@@@2@$0A@@std@@@1@@Z 004ee250 f i ClientConnection.obj
 0002:000312d0       ??E?$_Tree_unchecked_const_iterator@V?$_Tree_val@V?$_Tmap_traits@K_WU?$less@K@std@@V?$allocator@U?$pair@$$CBK_W@std@@@2@$0A@@std@@@std@@U_Iterator_base12@2@@std@@QAEAAV01@XZ 004ee2d0 f i ClientConnection.obj
 0002:000313c0       ??0?$_Iterator012@Ubidirectional_iterator_tag@std@@U?$pair@$$CB_WK@2@HPBU32@ABU32@U_Iterator_base12@2@@std@@QAE@XZ 004ee3c0 f i ClientConnection.obj
 0002:000313e0       ??0?$_Iterator012@Ubidirectional_iterator_tag@std@@U?$pair@$$CBK_W@2@HPBU32@ABU32@U_Iterator_base12@2@@std@@QAE@XZ 004ee3e0 f i ClientConnection.obj
 0002:00031400       ??$find@V?$_Vector_iterator@V?$_Vector_val@KV?$allocator@K@std@@@std@@@std@@K@std@@YA?AV?$_Vector_iterator@V?$_Vector_val@KV?$allocator@K@std@@@std@@@0@V10@0ABK@Z 004ee400 f i ClientConnection.obj
 0002:00031560       ??$find@V?$_Vector_iterator@V?$_Vector_val@EV?$allocator@E@std@@@std@@@std@@K@std@@YA?AV?$_Vector_iterator@V?$_Vector_val@EV?$allocator@E@std@@@std@@@0@V10@0ABK@Z 004ee560 f i ClientConnection.obj
 0002:000316c0       ??$find@V?$_Vector_iterator@V?$_Vector_val@KV?$allocator@K@std@@@std@@@std@@H@std@@YA?AV?$_Vector_iterator@V?$_Vector_val@KV?$allocator@K@std@@@std@@@0@V10@0ABH@Z 004ee6c0 f i ClientConnection.obj
 0002:00031820       ??$find@V?$_Vector_iterator@V?$_Vector_val@HV?$allocator@H@std@@@std@@@std@@H@std@@YA?AV?$_Vector_iterator@V?$_Vector_val@HV?$allocator@H@std@@@std@@@0@V10@0ABH@Z 004ee820 f i ClientConnection.obj
 0002:00031980       ??$SafeGetWindowUserData@VClientConnection@@@helper@@YAPAVClientConnection@@PAUHWND__@@@Z 004ee980 f i ClientConnection.obj
 0002:000319a0       ??$_Debug_pointer@D@std@@YAXPBDPB_WI@Z 004ee9a0 f i ClientConnection.obj
 0002:000319d0       ??$_Ucopy@V?$_Vector_const_iterator@V?$_Vector_val@HV?$allocator@H@std@@@std@@@std@@@?$vector@HV?$allocator@H@std@@@std@@IAEPAHV?$_Vector_const_iterator@V?$_Vector_val@HV?$allocator@H@std@@@std@@@1@0PAH@Z 004ee9d0 f i ClientConnection.obj
 0002:00031ab0       ??$addressof@H@std@@YAPAHAAH@Z 004eeab0 f i ClientConnection.obj
 0002:00031ac0       ??$forward@H@std@@YA$$QAHAAH@Z 004eeac0 f i ClientConnection.obj
 0002:00031ad0       ??$_Cons_val@V?$allocator@H@std@@HH@std@@YAXAAV?$allocator@H@0@PAH$$QAH@Z 004eead0 f i ClientConnection.obj
 0002:00031b00       ??$addressof@$$CBH@std@@YAPBHABH@Z 004eeb00 f i ClientConnection.obj
 0002:00031b10       ??$_Cons_val@V?$allocator@H@std@@HAAH@std@@YAXAAV?$allocator@H@0@PAHAAH@Z 004eeb10 f i ClientConnection.obj
 0002:00031b40       ??$_Cons_val@V?$allocator@H@std@@HABH@std@@YAXAAV?$allocator@H@0@PAHABH@Z 004eeb40 f i ClientConnection.obj
 0002:00031b70       ??$addressof@$$CBK@std@@YAPBKABK@Z 004eeb70 f i ClientConnection.obj
 0002:00031b80       ??$_Cons_val@V?$allocator@K@std@@KAAK@std@@YAXAAV?$allocator@K@0@PAKAAK@Z 004eeb80 f i ClientConnection.obj
 0002:00031bb0       ??$_Cons_val@V?$allocator@K@std@@KABK@std@@YAXAAV?$allocator@K@0@PAKABK@Z 004eebb0 f i ClientConnection.obj
 0002:00031be0       ??$addressof@E@std@@YAPAEAAE@Z 004eebe0 f i ClientConnection.obj
 0002:00031bf0       ??$forward@E@std@@YA$$QAEAAE@Z 004eebf0 f i ClientConnection.obj
 0002:00031c00       ??$_Cons_val@V?$allocator@E@std@@EE@std@@YAXAAV?$allocator@E@0@PAE$$QAE@Z 004eec00 f i ClientConnection.obj
 0002:00031c30       ??$addressof@$$CBE@std@@YAPBEABE@Z 004eec30 f i ClientConnection.obj
 0002:00031c40       ??$_Cons_val@V?$allocator@E@std@@EAAE@std@@YAXAAV?$allocator@E@0@PAEAAE@Z 004eec40 f i ClientConnection.obj
 0002:00031c70       ??$_Cons_val@V?$allocator@E@std@@EABE@std@@YAXAAV?$allocator@E@0@PAEABE@Z 004eec70 f i ClientConnection.obj
 0002:00031ca0       ??$?0D@?$allocator@U_Container_proxy@std@@@std@@QAE@ABV?$allocator@D@1@@Z 004eeca0 f i ClientConnection.obj
 0002:00031cc0       ??$_Cons_val@V?$allocator@U_Container_proxy@std@@@std@@U_Container_proxy@2@U32@@std@@YAXAAV?$allocator@U_Container_proxy@std@@@0@PAU_Container_proxy@0@$$QAU20@@Z 004eecc0 f i ClientConnection.obj
 0002:00031cf0       ??$_Dest_val@V?$allocator@U_Container_proxy@std@@@std@@U_Container_proxy@2@@std@@YAXAAV?$allocator@U_Container_proxy@std@@@0@PAU_Container_proxy@0@@Z 004eecf0 f i ClientConnection.obj
 0002:00031d10       ??$_Move@PAHPAH@std@@YAPAHPAH00@Z 004eed10 f i ClientConnection.obj
 0002:00031d60       ??$?0H@?$allocator@U_Container_proxy@std@@@std@@QAE@ABV?$allocator@H@1@@Z 004eed60 f i ClientConnection.obj
 0002:00031d80       ??$?0K@?$allocator@U_Container_proxy@std@@@std@@QAE@ABV?$allocator@K@1@@Z 004eed80 f i ClientConnection.obj
 0002:00031da0       ??$?0E@?$allocator@U_Container_proxy@std@@@std@@QAE@ABV?$allocator@E@1@@Z 004eeda0 f i ClientConnection.obj
 0002:00031dc0       ??$_Umove@PAH@?$vector@HV?$allocator@H@std@@@std@@IAEPAHPAH00@Z 004eedc0 f i ClientConnection.obj
 0002:00031e00       ??$_Destroy_range@V?$allocator@H@std@@@std@@YAXPAH0AAV?$allocator@H@0@@Z 004eee00 f i ClientConnection.obj
 0002:00031e50       ??$_Allocate@H@std@@YAPAHIPAH@Z 004eee50 f i ClientConnection.obj
 0002:00031ed0       ??0bad_alloc@std@@QAE@PBD@Z 004eeed0 f i ClientConnection.obj
 0002:00031f00       ??1bad_alloc@std@@UAE@XZ   004eef00 f i ClientConnection.obj
 0002:00031f30       ??_Ebad_alloc@std@@UAEPAXI@Z 004eef30 f i ClientConnection.obj
 0002:00031f30       ??_Gbad_alloc@std@@UAEPAXI@Z 004eef30 f i ClientConnection.obj
 0002:00031f70       ??$?0U_Node@?$_Tree_nod@V?$_Tmap_traits@_WKU?$less@_W@std@@V?$allocator@U?$pair@$$CB_WK@std@@@2@$0A@@std@@@std@@@?$allocator@U_Container_proxy@std@@@std@@QAE@ABV?$allocator@U_Node@?$_Tree_nod@V?$_Tmap_traits@_WKU?$less@_W@std@@V?$allocator@U?$pair@$$CB_WK@std@@@2@$0A@@std@@@std@@@1@@Z 004eef70 f i ClientConnection.obj
 0002:00031f90       ??$?0U_Node@?$_Tree_nod@V?$_Tmap_traits@K_WU?$less@K@std@@V?$allocator@U?$pair@$$CBK_W@std@@@2@$0A@@std@@@std@@@?$allocator@U_Container_proxy@std@@@std@@QAE@ABV?$allocator@U_Node@?$_Tree_nod@V?$_Tmap_traits@K_WU?$less@K@std@@V?$allocator@U?$pair@$$CBK_W@std@@@2@$0A@@std@@@std@@@1@@Z 004eef90 f i ClientConnection.obj
 0002:00031fb0       ??$_Umove@PAK@?$vector@KV?$allocator@K@std@@@std@@IAEPAKPAK00@Z 004eefb0 f i ClientConnection.obj
 0002:00031ff0       ??$_Destroy_range@V?$allocator@K@std@@@std@@YAXPAK0AAV?$allocator@K@0@@Z 004eeff0 f i ClientConnection.obj
 0002:00032040       ??$_Umove@PAE@?$vector@EV?$allocator@E@std@@@std@@IAEPAEPAE00@Z 004ef040 f i ClientConnection.obj
 0002:00032080       ??$_Destroy_range@V?$allocator@E@std@@@std@@YAXPAE0AAV?$allocator@E@0@@Z 004ef080 f i ClientConnection.obj
 0002:000320d0       ??$_Allocate@U_Container_proxy@std@@@std@@YAPAU_Container_proxy@0@IPAU10@@Z 004ef0d0 f i ClientConnection.obj
 0002:00032150       ??$swap@D@std@@YAXAAD0@Z   004ef150 f i ClientConnection.obj
 0002:000321a0       ??$addressof@U?$pair@$$CB_WK@std@@@std@@YAPAU?$pair@$$CB_WK@0@AAU10@@Z 004ef1a0 f i ClientConnection.obj
 0002:000321b0       ??$_Dest_val@V?$allocator@U?$pair@$$CB_WK@std@@@std@@U?$pair@$$CB_WK@2@@std@@YAXAAV?$allocator@U?$pair@$$CB_WK@std@@@0@PAU?$pair@$$CB_WK@0@@Z 004ef1b0 f i ClientConnection.obj
 0002:000321d0       ??$addressof@U?$pair@$$CBK_W@std@@@std@@YAPAU?$pair@$$CBK_W@0@AAU10@@Z 004ef1d0 f i ClientConnection.obj
 0002:000321e0       ??$_Dest_val@V?$allocator@U?$pair@$$CBK_W@std@@@std@@U?$pair@$$CBK_W@2@@std@@YAXAAV?$allocator@U?$pair@$$CBK_W@std@@@0@PAU?$pair@$$CBK_W@0@@Z 004ef1e0 f i ClientConnection.obj
 0002:00032200       ??$_Allocate@K@std@@YAPAKIPAK@Z 004ef200 f i ClientConnection.obj
 0002:00032280       ??$_Allocate@E@std@@YAPAEIPAE@Z 004ef280 f i ClientConnection.obj
 0002:000322f0       ??$_Allocate@D@std@@YAPADIPAD@Z 004ef2f0 f i ClientConnection.obj
 0002:00032360       ??0?$_Vector_iterator@V?$_Vector_val@KV?$allocator@K@std@@@std@@@std@@QAE@ABV01@@Z 004ef360 f i ClientConnection.obj
 0002:00032390       ??0bad_alloc@std@@QAE@ABV01@@Z 004ef390 f i ClientConnection.obj
 0002:000323c0       ??0?$_Vector_const_iterator@V?$_Vector_val@KV?$allocator@K@std@@@std@@@std@@QAE@ABV01@@Z 004ef3c0 f i ClientConnection.obj
 0002:00032400       ??0?$_Iterator012@Urandom_access_iterator_tag@std@@KHPBKABKU_Iterator_base12@2@@std@@QAE@ABU01@@Z 004ef400 f i ClientConnection.obj
 0002:00032430       ?construct@?$allocator@H@std@@QAEXPAHABH@Z 004ef430 f i ClientConnection.obj
 0002:00032460       ?construct@?$allocator@H@std@@QAEXPAH$$QAH@Z 004ef460 f i ClientConnection.obj
 0002:00032510       ??2@YAPAXIPAX@Z            004ef510 f i ClientConnection.obj
 0002:00032520       ??3@YAXPAX0@Z              004ef520 f i ClientConnection.obj
 0002:00032530       ?destroy@?$allocator@U?$pair@$$CB_WK@std@@@std@@QAEXPAU?$pair@$$CB_WK@2@@Z 004ef530 f i ClientConnection.obj
 0002:00032550       ?destroy@?$allocator@U?$pair@$$CBK_W@std@@@std@@QAEXPAU?$pair@$$CBK_W@2@@Z 004ef550 f i ClientConnection.obj
 0002:00032570       ?construct@?$allocator@K@std@@QAEXPAKABK@Z 004ef570 f i ClientConnection.obj
 0002:000325a0       ?construct@?$allocator@E@std@@QAEXPAEABE@Z 004ef5a0 f i ClientConnection.obj
 0002:000325d0       ?construct@?$allocator@E@std@@QAEXPAE$$QAE@Z 004ef5d0 f i ClientConnection.obj
 0002:00032680       ?construct@?$allocator@U_Container_proxy@std@@@std@@QAEXPAU_Container_proxy@2@$$QAU32@@Z 004ef680 f i ClientConnection.obj
 0002:00032730       ?destroy@?$allocator@U_Container_proxy@std@@@std@@QAEXPAU_Container_proxy@2@@Z 004ef730 f i ClientConnection.obj
 0002:00032750       ??$_Debug_range@V?$_Vector_iterator@V?$_Vector_val@KV?$allocator@K@std@@@std@@@std@@@std@@YAXV?$_Vector_iterator@V?$_Vector_val@KV?$allocator@K@std@@@std@@@0@0PB_WI@Z 004ef750 f i ClientConnection.obj
 0002:00032830       ??$_Unchecked@V?$_Vector_val@KV?$allocator@K@std@@@std@@@std@@YAPAKV?$_Vector_iterator@V?$_Vector_val@KV?$allocator@K@std@@@std@@@0@@Z 004ef830 f i ClientConnection.obj
 0002:000328a0       ??$_Find@PAKK@std@@YAPAKPAK0ABK@Z 004ef8a0 f i ClientConnection.obj
 0002:000328e0       ??$_Rechecked@V?$_Vector_val@KV?$allocator@K@std@@@std@@@std@@YAAAV?$_Vector_iterator@V?$_Vector_val@KV?$allocator@K@std@@@std@@@0@AAV10@PAK@Z 004ef8e0 f i ClientConnection.obj
 0002:00032900       ??$_Debug_range@V?$_Vector_iterator@V?$_Vector_val@EV?$allocator@E@std@@@std@@@std@@@std@@YAXV?$_Vector_iterator@V?$_Vector_val@EV?$allocator@E@std@@@std@@@0@0PB_WI@Z 004ef900 f i ClientConnection.obj
 0002:000329e0       ??$_Unchecked@V?$_Vector_val@EV?$allocator@E@std@@@std@@@std@@YAPAEV?$_Vector_iterator@V?$_Vector_val@EV?$allocator@E@std@@@std@@@0@@Z 004ef9e0 f i ClientConnection.obj
 0002:00032a50       ??$_Find@PAEK@std@@YAPAEPAE0ABK@Z 004efa50 f i ClientConnection.obj
 0002:00032a90       ??$_Rechecked@V?$_Vector_val@EV?$allocator@E@std@@@std@@@std@@YAAAV?$_Vector_iterator@V?$_Vector_val@EV?$allocator@E@std@@@std@@@0@AAV10@PAE@Z 004efa90 f i ClientConnection.obj
 0002:00032ab0       ??$_Find@PAKH@std@@YAPAKPAK0ABH@Z 004efab0 f i ClientConnection.obj
 0002:00032af0       ??$_Debug_range@V?$_Vector_iterator@V?$_Vector_val@HV?$allocator@H@std@@@std@@@std@@@std@@YAXV?$_Vector_iterator@V?$_Vector_val@HV?$allocator@H@std@@@std@@@0@0PB_WI@Z 004efaf0 f i ClientConnection.obj
 0002:00032bd0       ??$_Unchecked@V?$_Vector_val@HV?$allocator@H@std@@@std@@@std@@YAPAHV?$_Vector_iterator@V?$_Vector_val@HV?$allocator@H@std@@@std@@@0@@Z 004efbd0 f i ClientConnection.obj
 0002:00032c40       ??$_Find@PAHH@std@@YAPAHPAH0ABH@Z 004efc40 f i ClientConnection.obj
 0002:00032c80       ??$_Rechecked@V?$_Vector_val@HV?$allocator@H@std@@@std@@@std@@YAAAV?$_Vector_iterator@V?$_Vector_val@HV?$allocator@H@std@@@std@@@0@AAV10@PAH@Z 004efc80 f i ClientConnection.obj
 0002:00032ca0       ??$_Uninitialized_copy@V?$_Vector_const_iterator@V?$_Vector_val@HV?$allocator@H@std@@@std@@@std@@PAHV?$allocator@H@2@@std@@YAPAHV?$_Vector_const_iterator@V?$_Vector_val@HV?$allocator@H@std@@@std@@@0@0PAHAAV?$allocator@H@0@@Z 004efca0 f i ClientConnection.obj
 0002:00032d90       ??$forward@AAH@std@@YAAAHAAH@Z 004efd90 f i ClientConnection.obj
 0002:00032da0       ??$construct@AAH@?$allocator@H@std@@QAEXPAHAAH@Z 004efda0 f i ClientConnection.obj
 0002:00032e50       ??$forward@ABH@std@@YAABHABH@Z 004efe50 f i ClientConnection.obj
 0002:00032e60       ??$forward@AAK@std@@YAAAKAAK@Z 004efe60 f i ClientConnection.obj
 0002:00032e70       ??$construct@AAK@?$allocator@K@std@@QAEXPAKAAK@Z 004efe70 f i ClientConnection.obj
 0002:00032f20       ??$forward@ABK@std@@YAABKABK@Z 004eff20 f i ClientConnection.obj
 0002:00032f30       ??$forward@AAE@std@@YAAAEAAE@Z 004eff30 f i ClientConnection.obj
 0002:00032f40       ??$construct@AAE@?$allocator@E@std@@QAEXPAEAAE@Z 004eff40 f i ClientConnection.obj
 0002:00032ff0       ??$forward@ABE@std@@YAABEABE@Z 004efff0 f i ClientConnection.obj
 0002:00033000       ??$forward@U_Container_proxy@std@@@std@@YA$$QAU_Container_proxy@0@AAU10@@Z 004f0000 f i ClientConnection.obj
 0002:00033010       ??$_Ptr_cat@HH@std@@YA?AU_Scalar_ptr_iterator_tag@0@PAH0@Z 004f0010 f i ClientConnection.obj
 0002:00033020       ??$_Move@PAHPAH@std@@YAPAHPAH00U_Scalar_ptr_iterator_tag@0@@Z 004f0020 f i ClientConnection.obj
 0002:00033070       ??$_Uninitialized_move@PAHPAHV?$allocator@H@std@@@std@@YAPAHPAH00AAV?$allocator@H@0@@Z 004f0070 f i ClientConnection.obj
 0002:000330d0       ??$_Destroy_range@V?$allocator@H@std@@@std@@YAXPAH0AAV?$allocator@H@0@U_Scalar_ptr_iterator_tag@0@@Z 004f00d0 f i ClientConnection.obj
 0002:000330e0       ??$_Uninitialized_move@PAKPAKV?$allocator@K@std@@@std@@YAPAKPAK00AAV?$allocator@K@0@@Z 004f00e0 f i ClientConnection.obj
 0002:00033140       ??$_Ptr_cat@KK@std@@YA?AU_Scalar_ptr_iterator_tag@0@PAK0@Z 004f0140 f i ClientConnection.obj
 0002:00033150       ??$_Destroy_range@V?$allocator@K@std@@@std@@YAXPAK0AAV?$allocator@K@0@U_Scalar_ptr_iterator_tag@0@@Z 004f0150 f i ClientConnection.obj
 0002:00033160       ??$_Uninitialized_move@PAEPAEV?$allocator@E@std@@@std@@YAPAEPAE00AAV?$allocator@E@0@@Z 004f0160 f i ClientConnection.obj
 0002:000331c0       ??$_Ptr_cat@EE@std@@YA?AU_Scalar_ptr_iterator_tag@0@PAE0@Z 004f01c0 f i ClientConnection.obj
 0002:000331d0       ??$_Destroy_range@V?$allocator@E@std@@@std@@YAXPAE0AAV?$allocator@E@0@U_Scalar_ptr_iterator_tag@0@@Z 004f01d0 f i ClientConnection.obj
 0002:000331e0       ??$_Move@AAD@std@@YA$$QADAAD@Z 004f01e0 f i ClientConnection.obj
 0002:000331f0       ??$_Construct@HABH@std@@YAXPAHABH@Z 004f01f0 f i ClientConnection.obj
[...]
 0005:00000d4c       __imp__TlsSetValue@8       006eed4c     kernel32:KERNEL32.dll
 0005:00000d50       __imp__SetThreadPriority@8 006eed50     kernel32:KERNEL32.dll
 0005:00000d54       __imp__CreateSemaphoreA@16 006eed54     kernel32:KERNEL32.dll
 0005:00000d58       __imp__ReleaseSemaphore@12 006eed58     kernel32:KERNEL32.dll
 0005:00000d5c       __imp__GetFileType@4       006eed5c     kernel32:KERNEL32.dll
 0005:00000d60       __imp__FatalExit@4         006eed60     kernel32:KERNEL32.dll
 0005:00000d64       __imp__lstrcatA@8          006eed64     kernel32:KERNEL32.dll
 0005:00000d68       __imp__GetCurrentProcess@0 006eed68     kernel32:KERNEL32.dll
 0005:00000d6c       __imp__GetProcessHeap@0    006eed6c     kernel32:KERNEL32.dll
 0005:00000d70       __imp__HeapAlloc@12        006eed70     kernel32:KERNEL32.dll
 0005:00000d74       __imp__HeapFree@12         006eed74     kernel32:KERNEL32.dll
 0005:00000d78       __imp__CreateMutexA@12     006eed78     kernel32:KERNEL32.dll
 0005:00000d7c       __imp__InterlockedExchange@8 006eed7c     kernel32:KERNEL32.dll
 0005:00000d80       __imp__ReleaseMutex@4      006eed80     kernel32:KERNEL32.dll
 0005:00000d84       __imp__lstrcpynA@12        006eed84     kernel32:KERNEL32.dll
 0005:00000d88       __imp__GetLocaleInfoA@16   006eed88     kernel32:KERNEL32.dll
 0005:00000d8c       __imp__SetVolumeLabelA@8   006eed8c     kernel32:KERNEL32.dll
 0005:00000d90       __imp__GetFullPathNameA@16 006eed90     kernel32:KERNEL32.dll
 0005:00000d94       __imp__GetVolumeInformationA@32 006eed94     kernel32:KERNEL32.dll
 0005:00000d98       __imp__GetLocalTime@4      006eed98     kernel32:KERNEL32.dll
 0005:00000d9c       __imp__DosDateTimeToFileTime@12 006eed9c     kernel32:KERNEL32.dll
 0005:00000da0       __imp__LocalFileTimeToFileTime@8 006eeda0     kernel32:KERNEL32.dll
 0005:00000da4       __imp__SetFileAttributesA@8 006eeda4     kernel32:KERNEL32.dll
 0005:00000da8       __imp__GetVersion@0        006eeda8     kernel32:KERNEL32.dll
 0005:00000dac       __imp__QueryPerformanceCounter@4 006eedac     kernel32:KERNEL32.dll
 0005:00000db0       __imp__QueryPerformanceFrequency@4 006eedb0     kernel32:KERNEL32.dll
 0005:00000db4       __imp__GetFileInformationByHandle@8 006eedb4     kernel32:KERNEL32.dll
 0005:00000db8       __imp__GetModuleFileNameA@12 006eedb8     kernel32:KERNEL32.dll
 0005:00000dbc       __imp__FindNextFileA@8     006eedbc     kernel32:KERNEL32.dll
 0005:00000dc0       __imp__FindClose@4         006eedc0     kernel32:KERNEL32.dll
 0005:00000dc4       __imp__MultiByteToWideChar@24 006eedc4     kernel32:KERNEL32.dll
 0005:00000dc8       __imp__GlobalFree@4        006eedc8     kernel32:KERNEL32.dll
 0005:00000dcc       __imp__GlobalSize@4        006eedcc     kernel32:KERNEL32.dll
 0005:00000dd0       __imp__WideCharToMultiByte@32 006eedd0     kernel32:KERNEL32.dll
 0005:00000dd4       __imp__GetPrivateProfileStringA@24 006eedd4     kernel32:KERNEL32.dll
 0005:00000dd8       __imp__GetPrivateProfileIntA@16 006eedd8     kernel32:KERNEL32.dll
 0005:00000ddc       __imp__WritePrivateProfileStringA@16 006eeddc     kernel32:KERNEL32.dll
 0005:00000de0       __imp__GlobalAlloc@8       006eede0     kernel32:KERNEL32.dll
 0005:00000de4       __imp__GlobalLock@4        006eede4     kernel32:KERNEL32.dll
 0005:00000de8       __imp__GlobalUnlock@4      006eede8     kernel32:KERNEL32.dll
 0005:00000dec       __imp__FormatMessageA@28   006eedec     kernel32:KERNEL32.dll
 0005:00000df0       __imp__RemoveDirectoryA@4  006eedf0     kernel32:KERNEL32.dll
 0005:00000df4       __imp__LocalFree@4         006eedf4     kernel32:KERNEL32.dll
 0005:00000df8       __imp__Beep@8              006eedf8     kernel32:KERNEL32.dll
 0005:00000dfc       __imp__ResetEvent@4        006eedfc     kernel32:KERNEL32.dll
 0005:00000e00       __imp__OutputDebugStringA@4 006eee00     kernel32:KERNEL32.dll
 0005:00000e04       __imp__GetTickCount@0      006eee04     kernel32:KERNEL32.dll
 0005:00000e08       __imp__SetEvent@4          006eee08     kernel32:KERNEL32.dll
 0005:00000e0c       __imp__WaitForSingleObject@8 006eee0c     kernel32:KERNEL32.dll
 0005:00000e10       __imp__GetLastError@0      006eee10     kernel32:KERNEL32.dll
 0005:00000e14       __imp__CloseHandle@4       006eee14     kernel32:KERNEL32.dll
 0005:00000e18       __imp__CreateThread@24     006eee18     kernel32:KERNEL32.dll
 0005:00000e1c       __imp__ResumeThread@4      006eee1c     kernel32:KERNEL32.dll
 0005:00000e20       __imp__Sleep@4             006eee20     kernel32:KERNEL32.dll
 0005:00000e24       __imp__CreateEventA@16     006eee24     kernel32:KERNEL32.dll
 0005:00000e28       __imp__GetModuleHandleA@4  006eee28     kernel32:KERNEL32.dll
 0005:00000e2c       __imp__HeapCreate@12       006eee2c     kernel32:KERNEL32.dll
 0005:00000e30       __imp__HeapDestroy@4       006eee30     kernel32:KERNEL32.dll
 0005:00000e34       __imp__GetStringTypeW@16   006eee34     kernel32:KERNEL32.dll
 0005:00000e38       __imp__IsValidLocale@8     006eee38     kernel32:KERNEL32.dll
 0005:00000e3c       __imp__EnumSystemLocalesA@8 006eee3c     kernel32:KERNEL32.dll
 0005:00000e40       __imp__GetUserDefaultLCID@0 006eee40     kernel32:KERNEL32.dll
 0005:00000e44       __imp__SetEnvironmentVariableW@8 006eee44     kernel32:KERNEL32.dll
 0005:00000e48       __imp__HeapReAlloc@16      006eee48     kernel32:KERNEL32.dll
 0005:00000e4c       __imp__HeapSize@12         006eee4c     kernel32:KERNEL32.dll
 0005:00000e50       __imp__HeapQueryInformation@20 006eee50     kernel32:KERNEL32.dll
 0005:00000e54       __imp__CompareStringW@24   006eee54     kernel32:KERNEL32.dll
 0005:00000e58       __imp__VirtualQuery@12     006eee58     kernel32:KERNEL32.dll
 0005:00000e5c       __imp__CreateFileW@28      006eee5c     kernel32:KERNEL32.dll
 0005:00000e60       __imp__GetOEMCP@0          006eee60     kernel32:KERNEL32.dll
 0005:00000e64       \177KERNEL32_NULL_THUNK_DATA 006eee64     kernel32:KERNEL32.dll
 0005:00000f14       __imp__ShellExecuteA@24    006eef14     shell32:SHELL32.dll
 0005:00000f18       __imp__SHGetSpecialFolderLocation@12 006eef18     shell32:SHELL32.dll
 0005:00000f1c       __imp__SHGetPathFromIDListA@8 006eef1c     shell32:SHELL32.dll
 0005:00000f20       __imp__SHFileOperationA@4  006eef20     shell32:SHELL32.dll
 0005:00000f24       __imp__Shell_NotifyIconA@8 006eef24     shell32:SHELL32.dll
 0005:00000f28       __imp__SHGetFolderPathA@20 006eef28     shell32:SHELL32.dll
 0005:00000f2c       \177SHELL32_NULL_THUNK_DATA 006eef2c     shell32:SHELL32.dll
 0005:00000f5c       __imp__ReleaseCapture@0    006eef5c     user32:USER32.dll
 0005:00000f60       __imp__CallWindowProcA@20  006eef60     user32:USER32.dll
 0005:00000f64       __imp__GetScrollInfo@12    006eef64     user32:USER32.dll
 0005:00000f68       __imp__GetForegroundWindow@0 006eef68     user32:USER32.dll
 0005:00000f6c       __imp__CallNextHookEx@16   006eef6c     user32:USER32.dll
 0005:00000f70       __imp__PostThreadMessageA@16 006eef70     user32:USER32.dll
 0005:00000f74       __imp__SetWindowsHookExA@16 006eef74     user32:USER32.dll
 0005:00000f78       __imp__GetMessageA@16      006eef78     user32:USER32.dll
 0005:00000f7c       __imp__GetWindowThreadProcessId@8 006eef7c     user32:USER32.dll
 0005:00000f80       __imp__GetKeyState@4       006eef80     user32:USER32.dll
 0005:00000f84       __imp__ToAscii@20          006eef84     user32:USER32.dll
 0005:00000f88       __imp__keybd_event@16      006eef88     user32:USER32.dll
 0005:00000f8c       __imp__VkKeyScanW@4        006eef8c     user32:USER32.dll
 0005:00000f90       __imp__ToUnicode@24        006eef90     user32:USER32.dll
 0005:00000f94       __imp__GetKeyboardState@4  006eef94     user32:USER32.dll
 0005:00000f98       __imp__LoadBitmapA@8       006eef98     user32:USER32.dll
 0005:00000f9c       __imp__GetMenuStringA@20   006eef9c     user32:USER32.dll
 0005:00000fa0       __imp__ModifyMenuA@20      006eefa0     user32:USER32.dll
 0005:00000fa4       __imp__PtInRect@12         006eefa4     user32:USER32.dll
 0005:00000fa8       __imp__GetDesktopWindow@0  006eefa8     user32:USER32.dll
 0005:00000fac       __imp__WindowFromDC@4      006eefac     user32:USER32.dll
 0005:00000fb0       __imp__MapWindowPoints@16  006eefb0     user32:USER32.dll
 0005:00000fb4       __imp__IntersectRect@12    006eefb4     user32:USER32.dll
 0005:00000fb8       __imp__DestroyIcon@4       006eefb8     user32:USER32.dll
 0005:00000fbc       __imp__GetMenuItemCount@4  006eefbc     user32:USER32.dll
 0005:00000fc0       __imp__GetWindowTextLengthA@4 006eefc0     user32:USER32.dll
 0005:00000fc4       __imp__EnableWindow@8      006eefc4     user32:USER32.dll
 0005:00000fc8       __imp__DrawTextA@20        006eefc8     user32:USER32.dll
 0005:00000fcc       __imp__GetParent@4         006eefcc     user32:USER32.dll
 0005:00000fd0       __imp__SendDlgItemMessageA@20 006eefd0     user32:USER32.dll
 0005:00000fd4       __imp__PeekMessageA@20     006eefd4     user32:USER32.dll
 0005:00000fd8       __imp__TranslateMessage@4  006eefd8     user32:USER32.dll
 0005:00000fdc       __imp__DispatchMessageA@4  006eefdc     user32:USER32.dll
 0005:00000fe0       __imp__SendMessageTimeoutA@28 006eefe0     user32:USER32.dll
 0005:00000fe4       __imp__EnumDisplayDevicesA@16 006eefe4     user32:USER32.dll
 0005:00000fe8       __imp__EnumDisplaySettingsExA@16 006eefe8     user32:USER32.dll
 0005:00000fec       __imp__MonitorFromPoint@12 006eefec     user32:USER32.dll
 0005:00000ff0       __imp__GetMonitorInfoA@8   006eeff0     user32:USER32.dll
 0005:00000ff4       __imp__GetSystemMetrics@4  006eeff4     user32:USER32.dll
 0005:00000ff8       __imp__SystemParametersInfoA@16 006eeff8     user32:USER32.dll
 0005:00000ffc       __imp__LoadKeyboardLayoutA@8 006eeffc     user32:USER32.dll
 0005:00001000       __imp__IsDlgButtonChecked@8 006ef000     user32:USER32.dll
 0005:00001004       __imp__SetCapture@4        006ef004     user32:USER32.dll
 0005:00001008       __imp__GetCaretBlinkTime@0 006ef008     user32:USER32.dll
 0005:0000100c       __imp__SetCaretBlinkTime@4 006ef00c     user32:USER32.dll
 0005:00001010       __imp__SetWindowRgn@12     006ef010     user32:USER32.dll
 0005:00001014       __imp__ScreenToClient@8    006ef014     user32:USER32.dll
 0005:00001018       __imp__ValidateRect@8      006ef018     user32:USER32.dll
 0005:0000101c       __imp__GetSubMenu@8        006ef01c     user32:USER32.dll
 0005:00001020       __imp__GetMenuItemID@8     006ef020     user32:USER32.dll
 0005:00001024       __imp__SetMenuDefaultItem@12 006ef024     user32:USER32.dll
 0005:00001028       __imp__TrackPopupMenu@28   006ef028     user32:USER32.dll
 0005:0000102c       __imp__LoadStringA@16      006ef02c     user32:USER32.dll
 0005:00001030       __imp__RegisterClassExA@4  006ef030     user32:USER32.dll
 0005:00001034       __imp__LoadMenuA@8         006ef034     user32:USER32.dll
 0005:00001038       __imp__RegisterClipboardFormatA@4 006ef038     user32:USER32.dll
 0005:0000103c       __imp__IsClipboardFormatAvailable@4 006ef03c     user32:USER32.dll
 0005:00001040       __imp__GetCursorPos@4      006ef040     user32:USER32.dll
 0005:00001044       __imp__SetCursorPos@8      006ef044     user32:USER32.dll
 0005:00001048       __imp__SetWindowLongA@12   006ef048     user32:USER32.dll
 0005:0000104c       __imp__RedrawWindow@16     006ef04c     user32:USER32.dll
 0005:00001050       __imp__EmptyClipboard@0    006ef050     user32:USER32.dll
 0005:00001054       __imp__SetClipboardData@8  006ef054     user32:USER32.dll
 0005:00001058       __imp__OpenClipboard@4     006ef058     user32:USER32.dll
 0005:0000105c       __imp__GetClipboardData@4  006ef05c     user32:USER32.dll
 0005:00001060       __imp__CloseClipboard@0    006ef060     user32:USER32.dll
 0005:00001064       __imp__GetClipboardOwner@0 006ef064     user32:USER32.dll
 0005:00001068       __imp__RegisterWindowMessageA@4 006ef068     user32:USER32.dll
 0005:0000106c       __imp__BeginPaint@8        006ef06c     user32:USER32.dll
 0005:00001070       __imp__GetSysColorBrush@4  006ef070     user32:USER32.dll
 0005:00001074       __imp__FillRect@12         006ef074     user32:USER32.dll
 0005:00001078       __imp__EndPaint@8          006ef078     user32:USER32.dll
 0005:0000107c       __imp__GetFocus@0          006ef07c     user32:USER32.dll
 0005:00001080       __imp__SetCursor@4         006ef080     user32:USER32.dll
 0005:00001084       __imp__SendNotifyMessageA@16 006ef084     user32:USER32.dll
 0005:00001088       __imp__IsWindow@4          006ef088     user32:USER32.dll
 0005:0000108c       __imp__GetKeyNameTextA@12  006ef08c     user32:USER32.dll
 0005:00001090       __imp__DefWindowProcA@16   006ef090     user32:USER32.dll
 0005:00001094       __imp__PostQuitMessage@4   006ef094     user32:USER32.dll
 0005:00001098       __imp__ChangeClipboardChain@8 006ef098     user32:USER32.dll
 0005:0000109c       __imp__DestroyMenu@4       006ef09c     user32:USER32.dll
 0005:000010a0       __imp__ShowScrollBar@12    006ef0a0     user32:USER32.dll
 0005:000010a4       __imp__SetFocus@4          006ef0a4     user32:USER32.dll
 0005:000010a8       __imp__GetDlgItemInt@16    006ef0a8     user32:USER32.dll
 0005:000010ac       __imp__wsprintfA           006ef0ac     user32:USER32.dll
 0005:000010b0       __imp__SetTimer@16         006ef0b0     user32:USER32.dll
 0005:000010b4       __imp__IsIconic@4          006ef0b4     user32:USER32.dll
 0005:000010b8       __imp__InvalidateRgn@12    006ef0b8     user32:USER32.dll
 0005:000010bc       __imp__InvalidateRect@12   006ef0bc     user32:USER32.dll
 0005:000010c0       __imp__GetKeyboardLayoutNameA@4 006ef0c0     user32:USER32.dll
 0005:000010c4       __imp__SetScrollInfo@16    006ef0c4     user32:USER32.dll
 0005:000010c8       __imp__KillTimer@8         006ef0c8     user32:USER32.dll
 0005:000010cc       __imp__ScrollWindowEx@32   006ef0cc     user32:USER32.dll
 0005:000010d0       __imp__SetRect@20          006ef0d0     user32:USER32.dll
 0005:000010d4       __imp__AdjustWindowRectEx@16 006ef0d4     user32:USER32.dll
 0005:000010d8       __imp__MoveWindow@24       006ef0d8     user32:USER32.dll
 0005:000010dc       __imp__SetDlgItemInt@16    006ef0dc     user32:USER32.dll
 0005:000010e0       __imp__MessageBoxA@16      006ef0e0     user32:USER32.dll
 0005:000010e4       __imp__CheckMenuItem@12    006ef0e4     user32:USER32.dll
 0005:000010e8       __imp__EnableMenuItem@12   006ef0e8     user32:USER32.dll
 0005:000010ec       __imp__SetClipboardViewer@4 006ef0ec     user32:USER32.dll
 0005:000010f0       __imp__GetSystemMenu@8     006ef0f0     user32:USER32.dll
 0005:000010f4       __imp__AppendMenuA@16      006ef0f4     user32:USER32.dll
 0005:000010f8       __imp__CreatePopupMenu@0   006ef0f8     user32:USER32.dll
 0005:000010fc       __imp__DrawMenuBar@4       006ef0fc     user32:USER32.dll
 0005:00001100       __imp__LoadIconA@8         006ef100     user32:USER32.dll
 0005:00001104       __imp__LoadCursorA@8       006ef104     user32:USER32.dll
 0005:00001108       __imp__RegisterClassA@4    006ef108     user32:USER32.dll
 0005:0000110c       __imp__GetDC@4             006ef10c     user32:USER32.dll
 0005:00001110       __imp__ReleaseDC@8         006ef110     user32:USER32.dll
 0005:00001114       __imp__GetWindowRect@8     006ef114     user32:USER32.dll
 0005:00001118       __imp__DestroyWindow@4     006ef118     user32:USER32.dll
 0005:0000111c       __imp__GetClientRect@8     006ef11c     user32:USER32.dll
 0005:00001120       __imp__CreateWindowExA@48  006ef120     user32:USER32.dll
 0005:00001124       __imp__SetWindowPos@28     006ef124     user32:USER32.dll
 0005:00001128       __imp__PostMessageA@16     006ef128     user32:USER32.dll
 0005:0000112c       __imp__UpdateWindow@4      006ef12c     user32:USER32.dll
 0005:00001130       __imp__ShowWindow@8        006ef130     user32:USER32.dll
 0005:00001134       __imp__GetWindowLongA@8    006ef134     user32:USER32.dll
 0005:00001138       __imp__GetDlgItem@8        006ef138     user32:USER32.dll
 0005:0000113c       __imp__SendMessageA@16     006ef13c     user32:USER32.dll
 0005:00001140       __imp__GetWindowTextA@12   006ef140     user32:USER32.dll
 0005:00001144       __imp__SetWindowTextA@8    006ef144     user32:USER32.dll
 0005:00001148       __imp__GetDlgItemTextA@16  006ef148     user32:USER32.dll
 0005:0000114c       __imp__DestroyAcceleratorTable@4 006ef14c     user32:USER32.dll
 0005:00001150       __imp__TranslateAcceleratorA@12 006ef150     user32:USER32.dll
 0005:00001154       __imp__CreateAcceleratorTableA@8 006ef154     user32:USER32.dll
 0005:00001158       __imp__SetForegroundWindow@4 006ef158     user32:USER32.dll
 0005:0000115c       __imp__SetDlgItemTextA@12  006ef15c     user32:USER32.dll
 0005:00001160       __imp__EndDialog@8         006ef160     user32:USER32.dll
 0005:00001164       __imp__DialogBoxParamA@20  006ef164     user32:USER32.dll
 0005:00001168       __imp__IsRectEmpty@4       006ef168     user32:USER32.dll
 0005:0000116c       __imp__LoadImageA@24       006ef16c     user32:USER32.dll
 0005:00001170       __imp__wvsprintfA@12       006ef170     user32:USER32.dll
 0005:00001174       __imp__CharToOemA@8        006ef174     user32:USER32.dll
 0005:00001178       __imp__OemToCharA@8        006ef178     user32:USER32.dll
 0005:0000117c       __imp__GetComboBoxInfo@8   006ef17c     user32:USER32.dll
 0005:00001180       \177USER32_NULL_THUNK_DATA 006ef180     user32:USER32.dll
 0005:00001218       __imp__PlaySoundA@12       006ef218     winmm:WINMM.dll
 0005:0000121c       __imp__timeSetEvent@20     006ef21c     winmm:WINMM.dll
 0005:00001220       __imp__timeKillEvent@4     006ef220     winmm:WINMM.dll
 0005:00001224       __imp__timeGetTime@0       006ef224     winmm:WINMM.dll
 0005:00001228       \177WINMM_NULL_THUNK_DATA  006ef228     winmm:WINMM.dll
 0005:00001254       __imp__select@20           006ef254     ws2_32:WS2_32.dll
 0005:00001258       __imp____WSAFDIsSet@8      006ef258     ws2_32:WS2_32.dll
 0005:0000125c       __imp__send@16             006ef25c     ws2_32:WS2_32.dll
 0005:00001260       __imp__shutdown@8          006ef260     ws2_32:WS2_32.dll
 0005:00001264       __imp__WSACleanup@0        006ef264     ws2_32:WS2_32.dll
 0005:00001268       __imp__WSAStartup@8        006ef268     ws2_32:WS2_32.dll
 0005:0000126c       __imp__WSAAsyncSelect@16   006ef26c     ws2_32:WS2_32.dll
 0005:00001270       __imp__inet_addr@4         006ef270     ws2_32:WS2_32.dll
 0005:00001274       __imp__gethostbyname@4     006ef274     ws2_32:WS2_32.dll
 0005:00001278       __imp__htons@4             006ef278     ws2_32:WS2_32.dll
 0005:0000127c       __imp__connect@12          006ef27c     ws2_32:WS2_32.dll
 0005:00001280       __imp__WSAGetLastError@0   006ef280     ws2_32:WS2_32.dll
 0005:00001284       __imp__closesocket@4       006ef284     ws2_32:WS2_32.dll
 0005:00001288       __imp__setsockopt@20       006ef288     ws2_32:WS2_32.dll
 0005:0000128c       __imp__getpeername@12      006ef28c     ws2_32:WS2_32.dll
 0005:00001290       __imp__listen@8            006ef290     ws2_32:WS2_32.dll
 0005:00001294       __imp__bind@12             006ef294     ws2_32:WS2_32.dll
 0005:00001298       __imp__recv@16             006ef298     ws2_32:WS2_32.dll
 0005:0000129c       __imp__ioctlsocket@12      006ef29c     ws2_32:WS2_32.dll
 0005:000012a0       __imp__socket@12           006ef2a0     ws2_32:WS2_32.dll
 0005:000012a4       __imp__accept@12           006ef2a4     ws2_32:WS2_32.dll
 0005:000012a8       \177WS2_32_NULL_THUNK_DATA 006ef2a8     ws2_32:WS2_32.dll

 entry point at        0002:000016b2

